Apache Maven 3.9.12 (848fbb4bf2d427b72bdb2471c22fced7ebd9a7a1)
Maven home: C:\Users\kAMGA RAMOS\.m2\wrapper\dists\apache-maven-3.9.12\59fe215c0ad6947fea90184bf7add084544567b927287592651fda3782e0e798
Java version: 25.0.2, vendor: Oracle Corporation, runtime: C:\Program Files\Java\jdk-25.0.2
Default locale: fr_FR, platform encoding: UTF-8
OS name: "windows 10", version: "10.0", arch: "amd64", family: "windows"
[DEBUG] Created new class realm maven.api
[DEBUG] Importing foreign packages into class realm maven.api
[DEBUG]   Imported: javax.annotation.* < plexus.core
[DEBUG]   Imported: javax.annotation.security.* < plexus.core
[DEBUG]   Imported: javax.inject.* < plexus.core
[DEBUG]   Imported: org.apache.maven.* < plexus.core
[DEBUG]   Imported: org.apache.maven.artifact < plexus.core
[DEBUG]   Imported: org.apache.maven.classrealm < plexus.core
[DEBUG]   Imported: org.apache.maven.cli < plexus.core
[DEBUG]   Imported: org.apache.maven.configuration < plexus.core
[DEBUG]   Imported: org.apache.maven.exception < plexus.core
[DEBUG]   Imported: org.apache.maven.execution < plexus.core
[DEBUG]   Imported: org.apache.maven.execution.scope < plexus.core
[DEBUG]   Imported: org.apache.maven.graph < plexus.core
[DEBUG]   Imported: org.apache.maven.lifecycle < plexus.core
[DEBUG]   Imported: org.apache.maven.model < plexus.core
[DEBUG]   Imported: org.apache.maven.monitor < plexus.core
[DEBUG]   Imported: org.apache.maven.plugin < plexus.core
[DEBUG]   Imported: org.apache.maven.profiles < plexus.core
[DEBUG]   Imported: org.apache.maven.project < plexus.core
[DEBUG]   Imported: org.apache.maven.reporting < plexus.core
[DEBUG]   Imported: org.apache.maven.repository < plexus.core
[DEBUG]   Imported: org.apache.maven.rtinfo < plexus.core
[DEBUG]   Imported: org.apache.maven.settings < plexus.core
[DEBUG]   Imported: org.apache.maven.toolchain < plexus.core
[DEBUG]   Imported: org.apache.maven.usability < plexus.core
[DEBUG]   Imported: org.apache.maven.wagon.* < plexus.core
[DEBUG]   Imported: org.apache.maven.wagon.authentication < plexus.core
[DEBUG]   Imported: org.apache.maven.wagon.authorization < plexus.core
[DEBUG]   Imported: org.apache.maven.wagon.events < plexus.core
[DEBUG]   Imported: org.apache.maven.wagon.observers < plexus.core
[DEBUG]   Imported: org.apache.maven.wagon.proxy < plexus.core
[DEBUG]   Imported: org.apache.maven.wagon.repository < plexus.core
[DEBUG]   Imported: org.apache.maven.wagon.resource < plexus.core
[DEBUG]   Imported: org.codehaus.classworlds < plexus.core
[DEBUG]   Imported: org.codehaus.plexus.* < plexus.core
[DEBUG]   Imported: org.codehaus.plexus.classworlds < plexus.core
[DEBUG]   Imported: org.codehaus.plexus.component < plexus.core
[DEBUG]   Imported: org.codehaus.plexus.configuration < plexus.core
[DEBUG]   Imported: org.codehaus.plexus.container < plexus.core
[DEBUG]   Imported: org.codehaus.plexus.context < plexus.core
[DEBUG]   Imported: org.codehaus.plexus.lifecycle < plexus.core
[DEBUG]   Imported: org.codehaus.plexus.logging < plexus.core
[DEBUG]   Imported: org.codehaus.plexus.personality < plexus.core
[DEBUG]   Imported: org.codehaus.plexus.util.xml.Xpp3Dom < plexus.core
[DEBUG]   Imported: org.codehaus.plexus.util.xml.pull.XmlPullParser < plexus.core
[DEBUG]   Imported: org.codehaus.plexus.util.xml.pull.XmlPullParserException < plexus.core
[DEBUG]   Imported: org.codehaus.plexus.util.xml.pull.XmlSerializer < plexus.core
[DEBUG]   Imported: org.eclipse.aether.* < plexus.core
[DEBUG]   Imported: org.eclipse.aether.artifact < plexus.core
[DEBUG]   Imported: org.eclipse.aether.collection < plexus.core
[DEBUG]   Imported: org.eclipse.aether.deployment < plexus.core
[DEBUG]   Imported: org.eclipse.aether.graph < plexus.core
[DEBUG]   Imported: org.eclipse.aether.impl < plexus.core
[DEBUG]   Imported: org.eclipse.aether.installation < plexus.core
[DEBUG]   Imported: org.eclipse.aether.internal.impl < plexus.core
[DEBUG]   Imported: org.eclipse.aether.metadata < plexus.core
[DEBUG]   Imported: org.eclipse.aether.repository < plexus.core
[DEBUG]   Imported: org.eclipse.aether.resolution < plexus.core
[DEBUG]   Imported: org.eclipse.aether.spi < plexus.core
[DEBUG]   Imported: org.eclipse.aether.transfer < plexus.core
[DEBUG]   Imported: org.eclipse.aether.util < plexus.core
[DEBUG]   Imported: org.eclipse.aether.version < plexus.core
[DEBUG]   Imported: org.fusesource.jansi.* < plexus.core
[DEBUG]   Imported: org.slf4j.* < plexus.core
[DEBUG]   Imported: org.slf4j.event.* < plexus.core
[DEBUG]   Imported: org.slf4j.helpers.* < plexus.core
[DEBUG]   Imported: org.slf4j.spi.* < plexus.core
[DEBUG] Populating class realm maven.api
[DEBUG] Created adapter factory; available factories [file-lock, rwlock-local, semaphore-local, noop]; available name mappers [discriminating, file-gaecv, file-gav, file-hgaecv, file-hgav, file-static, gaecv, gav, static]
[INFO] Error stacktraces are turned on.
[DEBUG] Message scheme: color
[DEBUG] Message styles: debug info warning error success failure strong mojo project
[DEBUG] Reading global settings from C:\Users\kAMGA RAMOS\.m2\wrapper\dists\apache-maven-3.9.12\59fe215c0ad6947fea90184bf7add084544567b927287592651fda3782e0e798\conf\settings.xml
[DEBUG] Reading user settings from C:\Users\kAMGA RAMOS\.m2\settings.xml
[DEBUG] Reading global toolchains from C:\Users\kAMGA RAMOS\.m2\wrapper\dists\apache-maven-3.9.12\59fe215c0ad6947fea90184bf7add084544567b927287592651fda3782e0e798\conf\toolchains.xml
[DEBUG] Reading user toolchains from C:\Users\kAMGA RAMOS\.m2\toolchains.xml
[DEBUG] Using local repository at C:\Users\kAMGA RAMOS\.m2\repository
[DEBUG] Using manager EnhancedLocalRepositoryManager with priority 10.0 for C:\Users\kAMGA RAMOS\.m2\repository
[INFO] Scanning for projects...
[DEBUG] Creating adapter using nameMapper 'gaecv' and factory 'rwlock-local'
[DEBUG] Extension realms for project com.taskmanager:taskmanager:jar:1.0.0: (none)
[DEBUG] Looking up lifecycle mappings for packaging jar from ClassRealm[plexus.core, parent: null]
[DEBUG] Extension realms for project org.springframework.boot:spring-boot-starter-parent:pom:3.2.1: (none)
[DEBUG] Looking up lifecycle mappings for packaging pom from ClassRealm[plexus.core, parent: null]
[DEBUG] Extension realms for project org.springframework.boot:spring-boot-dependencies:pom:3.2.1: (none)
[DEBUG] Looking up lifecycle mappings for packaging pom from ClassRealm[plexus.core, parent: null]
[DEBUG] === REACTOR BUILD PLAN ================================================
[DEBUG] Project: com.taskmanager:taskmanager:jar:1.0.0
[DEBUG] Tasks:   [compile]
[DEBUG] Style:   Regular
[DEBUG] =======================================================================
[INFO] 
[INFO] --------------------< com.taskmanager:taskmanager >---------------------
[INFO] Building Task Manager API 1.0.0
[INFO]   from pom.xml
[INFO] --------------------------------[ jar ]---------------------------------
[DEBUG] Lifecycle clean -> [pre-clean, clean, post-clean]
[DEBUG] Lifecycle default -> [validate, initialize, generate-sources, process-sources, generate-resources, process-resources, compile, process-classes, generate-test-sources, process-test-sources, generate-test-resources, process-test-resources, test-compile, process-test-classes, test, prepare-package, package, pre-integration-test, integration-test, post-integration-test, verify, install, deploy]
[DEBUG] Lifecycle site -> [pre-site, site, post-site, site-deploy]
[DEBUG] Lifecycle clean -> [pre-clean, clean, post-clean]
[DEBUG] Lifecycle default -> [validate, initialize, generate-sources, process-sources, generate-resources, process-resources, compile, process-classes, generate-test-sources, process-test-sources, generate-test-resources, process-test-resources, test-compile, process-test-classes, test, prepare-package, package, pre-integration-test, integration-test, post-integration-test, verify, install, deploy]
[DEBUG] Lifecycle site -> [pre-site, site, post-site, site-deploy]
[DEBUG] Lifecycle clean -> [pre-clean, clean, post-clean]
[DEBUG] Lifecycle default -> [validate, initialize, generate-sources, process-sources, generate-resources, process-resources, compile, process-classes, generate-test-sources, process-test-sources, generate-test-resources, process-test-resources, test-compile, process-test-classes, test, prepare-package, package, pre-integration-test, integration-test, post-integration-test, verify, install, deploy]
[DEBUG] Lifecycle site -> [pre-site, site, post-site, site-deploy]
[DEBUG] Lifecycle clean -> [pre-clean, clean, post-clean]
[DEBUG] Lifecycle default -> [validate, initialize, generate-sources, process-sources, generate-resources, process-resources, compile, process-classes, generate-test-sources, process-test-sources, generate-test-resources, process-test-resources, test-compile, process-test-classes, test, prepare-package, package, pre-integration-test, integration-test, post-integration-test, verify, install, deploy]
[DEBUG] Lifecycle site -> [pre-site, site, post-site, site-deploy]
[DEBUG] === PROJECT BUILD PLAN ================================================
[DEBUG] Project:       com.taskmanager:taskmanager:1.0.0
[DEBUG] Dependencies (collect): []
[DEBUG] Dependencies (resolve): [compile, runtime]
[DEBUG] Repositories (dependencies): [central (https://repo.maven.apache.org/maven2, default, releases)]
[DEBUG] Repositories (plugins)     : [central (https://repo.maven.apache.org/maven2, default, releases)]
[DEBUG] -----------------------------------------------------------------------
[DEBUG] Goal:          org.jacoco:jacoco-maven-plugin:0.8.11:prepare-agent (default)
[DEBUG] Style:         Regular
[DEBUG] Configuration: <?xml version="1.0" encoding="UTF-8"?>
<configuration>
  <address>${jacoco.address}</address>
  <append>${jacoco.append}</append>
  <classDumpDir>${jacoco.classDumpDir}</classDumpDir>
  <destFile default-value="${project.build.directory}/jacoco.exec">${jacoco.destFile}</destFile>
  <dumpOnExit>${jacoco.dumpOnExit}</dumpOnExit>
  <exclClassLoaders>${jacoco.exclClassLoaders}</exclClassLoaders>
  <inclBootstrapClasses>${jacoco.inclBootstrapClasses}</inclBootstrapClasses>
  <inclNoLocationClasses>${jacoco.inclNoLocationClasses}</inclNoLocationClasses>
  <jmx>${jacoco.jmx}</jmx>
  <output>${jacoco.output}</output>
  <pluginArtifactMap>${plugin.artifactMap}</pluginArtifactMap>
  <port>${jacoco.port}</port>
  <project>${project}</project>
  <propertyName>${jacoco.propertyName}</propertyName>
  <sessionId>${jacoco.sessionId}</sessionId>
  <skip default-value="false">${jacoco.skip}</skip>
</configuration>
[DEBUG] -----------------------------------------------------------------------
[DEBUG] Goal:          org.apache.maven.plugins:maven-resources-plugin:3.3.1:resources (default-resources)
[DEBUG] Style:         Regular
[DEBUG] Configuration: <?xml version="1.0" encoding="UTF-8"?>
<configuration>
  <addDefaultExcludes default-value="true"/>
  <buildFilters default-value="${project.build.filters}"/>
  <delimiters>
    <delimiter>@</delimiter>
  </delimiters>
  <encoding default-value="${project.build.sourceEncoding}"/>
  <escapeWindowsPaths default-value="true"/>
  <fileNameFiltering default-value="false"/>
  <includeEmptyDirs default-value="false"/>
  <outputDirectory default-value="${project.build.outputDirectory}"/>
  <overwrite default-value="false"/>
  <project default-value="${project}"/>
  <propertiesEncoding>UTF-8</propertiesEncoding>
  <resources default-value="${project.resources}"/>
  <session default-value="${session}"/>
  <skip default-value="false">${maven.resources.skip}</skip>
  <supportMultiLineFiltering default-value="false"/>
  <useBuildFilters default-value="true"/>
  <useDefaultDelimiters default-value="true">false</useDefaultDelimiters>
</configuration>
[DEBUG] -----------------------------------------------------------------------
[DEBUG] Goal:          org.apache.maven.plugins:maven-compiler-plugin:3.11.0:compile (default-compile)
[DEBUG] Style:         Regular
[DEBUG] Configuration: <?xml version="1.0" encoding="UTF-8"?>
<configuration>
  <annotationProcessorPaths>
    <path>
      <groupId>org.projectlombok</groupId>
      <artifactId>lombok</artifactId>
      <version>1.18.30</version>
    </path>
    <path>
      <groupId>org.projectlombok</groupId>
      <artifactId>lombok-mapstruct-binding</artifactId>
      <version>0.2.0</version>
    </path>
    <path>
      <groupId>org.mapstruct</groupId>
      <artifactId>mapstruct-processor</artifactId>
      <version>1.5.5.Final</version>
    </path>
  </annotationProcessorPaths>
  <basedir default-value="${basedir}"/>
  <buildDirectory default-value="${project.build.directory}"/>
  <compilePath default-value="${project.compileClasspathElements}"/>
  <compileSourceRoots default-value="${project.compileSourceRoots}"/>
  <compilerId default-value="javac">${maven.compiler.compilerId}</compilerId>
  <compilerReuseStrategy default-value="${reuseCreated}">${maven.compiler.compilerReuseStrategy}</compilerReuseStrategy>
  <compilerVersion>${maven.compiler.compilerVersion}</compilerVersion>
  <createMissingPackageInfoClass default-value="true">${maven.compiler.createMissingPackageInfoClass}</createMissingPackageInfoClass>
  <debug default-value="true">${maven.compiler.debug}</debug>
  <debugFileName default-value="javac"/>
  <debuglevel>${maven.compiler.debuglevel}</debuglevel>
  <enablePreview default-value="false">${maven.compiler.enablePreview}</enablePreview>
  <encoding default-value="${project.build.sourceEncoding}">${encoding}</encoding>
  <executable>${maven.compiler.executable}</executable>
  <failOnError default-value="true">${maven.compiler.failOnError}</failOnError>
  <failOnWarning default-value="false">${maven.compiler.failOnWarning}</failOnWarning>
  <forceJavacCompilerUse default-value="false">${maven.compiler.forceJavacCompilerUse}</forceJavacCompilerUse>
  <fork default-value="false">${maven.compiler.fork}</fork>
  <generatedSourcesDirectory default-value="${project.build.directory}/generated-sources/annotations"/>
  <implicit>${maven.compiler.implicit}</implicit>
  <maxmem>${maven.compiler.maxmem}</maxmem>
  <meminitial>${maven.compiler.meminitial}</meminitial>
  <mojoExecution default-value="${mojoExecution}"/>
  <optimize default-value="false">${maven.compiler.optimize}</optimize>
  <outputDirectory default-value="${project.build.outputDirectory}"/>
  <parameters default-value="false">true</parameters>
  <project default-value="${project}"/>
  <projectArtifact default-value="${project.artifact}"/>
  <release>${maven.compiler.release}</release>
  <session default-value="${session}"/>
  <showCompilationChanges default-value="false">${maven.compiler.showCompilationChanges}</showCompilationChanges>
  <showDeprecation default-value="false">${maven.compiler.showDeprecation}</showDeprecation>
  <showWarnings default-value="true">${maven.compiler.showWarnings}</showWarnings>
  <skipMain>${maven.main.skip}</skipMain>
  <skipMultiThreadWarning default-value="false">${maven.compiler.skipMultiThreadWarning}</skipMultiThreadWarning>
  <source default-value="1.8">17</source>
  <staleMillis default-value="0">${lastModGranularityMs}</staleMillis>
  <target default-value="1.8">17</target>
  <useIncrementalCompilation default-value="true">${maven.compiler.useIncrementalCompilation}</useIncrementalCompilation>
  <verbose default-value="false">${maven.compiler.verbose}</verbose>
</configuration>
[DEBUG] =======================================================================
[DEBUG] Using mirror maven-default-http-blocker (http://0.0.0.0/) for ow2-snapshot (http://repository.ow2.org/nexus/content/repositories/snapshots).
[DEBUG] Using mirror maven-default-http-blocker (http://0.0.0.0/) for vaadin-snapshots (http://oss.sonatype.org/content/repositories/vaadin-snapshots/).
[DEBUG] Using mirror maven-default-http-blocker (http://0.0.0.0/) for vaadin-releases (http://oss.sonatype.org/content/repositories/vaadin-releases/).
[DEBUG] Dependency collection stats {ConflictMarker.analyzeTime=2295100, ConflictMarker.markTime=716400, ConflictMarker.nodeCount=305, ConflictIdSorter.graphTime=1548800, ConflictIdSorter.topsortTime=758500, ConflictIdSorter.conflictIdCount=132, ConflictIdSorter.conflictIdCycleCount=0, ConflictResolver.totalTime=17459900, ConflictResolver.conflictItemCount=268, DfDependencyCollector.collectTime=8496414400, DfDependencyCollector.transformTime=25225800}
[DEBUG] com.taskmanager:taskmanager:jar:1.0.0
[DEBUG]    org.springframework.boot:spring-boot-starter-web:jar:3.2.1:compile
[DEBUG]       org.springframework.boot:spring-boot-starter:jar:3.2.1:compile (version managed from 3.2.1)
[DEBUG]          org.springframework.boot:spring-boot:jar:3.2.1:compile (version managed from 3.2.1)
[DEBUG]          org.springframework.boot:spring-boot-autoconfigure:jar:3.2.1:compile (version managed from 3.2.1)
[DEBUG]          org.springframework.boot:spring-boot-starter-logging:jar:3.2.1:compile (version managed from 3.2.1)
[DEBUG]             ch.qos.logback:logback-classic:jar:1.4.14:compile (version managed from 1.4.14)
[DEBUG]                ch.qos.logback:logback-core:jar:1.4.14:compile (version managed from 1.4.14)
[DEBUG]             org.apache.logging.log4j:log4j-to-slf4j:jar:2.21.1:compile (version managed from 2.21.1)
[DEBUG]                org.apache.logging.log4j:log4j-api:jar:2.21.1:compile (version managed from 2.21.1)
[DEBUG]             org.slf4j:jul-to-slf4j:jar:2.0.9:compile (version managed from 2.0.9)
[DEBUG]          jakarta.annotation:jakarta.annotation-api:jar:2.1.1:compile (version managed from 2.1.1)
[DEBUG]          org.yaml:snakeyaml:jar:2.2:compile (version managed from 2.2)
[DEBUG]       org.springframework.boot:spring-boot-starter-json:jar:3.2.1:compile (version managed from 3.2.1)
[DEBUG]          com.fasterxml.jackson.datatype:jackson-datatype-jdk8:jar:2.15.3:compile (version managed from 2.15.3)
[DEBUG]          com.fasterxml.jackson.datatype:jackson-datatype-jsr310:jar:2.15.3:compile (version managed from 2.15.3)
[DEBUG]          com.fasterxml.jackson.module:jackson-module-parameter-names:jar:2.15.3:compile (version managed from 2.15.3)
[DEBUG]       org.springframework.boot:spring-boot-starter-tomcat:jar:3.2.1:compile (version managed from 3.2.1)
[DEBUG]          org.apache.tomcat.embed:tomcat-embed-core:jar:10.1.17:compile (version managed from 10.1.17)
[DEBUG]          org.apache.tomcat.embed:tomcat-embed-websocket:jar:10.1.17:compile (version managed from 10.1.17)
[DEBUG]       org.springframework:spring-web:jar:6.1.2:compile (version managed from 6.1.2)
[DEBUG]          org.springframework:spring-beans:jar:6.1.2:compile (version managed from 6.1.2)
[DEBUG]          io.micrometer:micrometer-observation:jar:1.12.1:compile (version managed from 1.12.1)
[DEBUG]             io.micrometer:micrometer-commons:jar:1.12.1:compile (version managed from 1.12.1)
[DEBUG]       org.springframework:spring-webmvc:jar:6.1.2:compile (version managed from 6.1.2)
[DEBUG]          org.springframework:spring-context:jar:6.1.2:compile (version managed from 6.1.2)
[DEBUG]          org.springframework:spring-expression:jar:6.1.2:compile (version managed from 6.1.2)
[DEBUG]    org.springframework.boot:spring-boot-starter-data-jpa:jar:3.2.1:compile
[DEBUG]       org.springframework.boot:spring-boot-starter-jdbc:jar:3.2.1:compile (version managed from 3.2.1)
[DEBUG]          com.zaxxer:HikariCP:jar:5.0.1:compile (version managed from 5.0.1)
[DEBUG]          org.springframework:spring-jdbc:jar:6.1.2:compile (version managed from 6.1.2)
[DEBUG]       org.hibernate.orm:hibernate-core:jar:6.4.1.Final:compile (version managed from 6.4.1.Final)
[DEBUG]          jakarta.persistence:jakarta.persistence-api:jar:3.1.0:compile (version managed from 3.1.0)
[DEBUG]          jakarta.transaction:jakarta.transaction-api:jar:2.0.1:compile (version managed from 2.0.1)
[DEBUG]          org.jboss.logging:jboss-logging:jar:3.5.3.Final:compile (version managed from 3.5.0.Final)
[DEBUG]          org.hibernate.common:hibernate-commons-annotations:jar:6.0.6.Final:runtime
[DEBUG]          io.smallrye:jandex:jar:3.1.2:runtime
[DEBUG]          com.fasterxml:classmate:jar:1.6.0:compile (version managed from 1.5.1)
[DEBUG]          net.bytebuddy:byte-buddy:jar:1.14.10:runtime (version managed from 1.14.7)
[DEBUG]          org.glassfish.jaxb:jaxb-runtime:jar:4.0.4:runtime (version managed from 4.0.2)
[DEBUG]             org.glassfish.jaxb:jaxb-core:jar:4.0.4:runtime (version managed from 4.0.4)
[DEBUG]                org.eclipse.angus:angus-activation:jar:2.0.1:runtime (version managed from 2.0.1)
[DEBUG]                org.glassfish.jaxb:txw2:jar:4.0.4:runtime (version managed from 4.0.4)
[DEBUG]                com.sun.istack:istack-commons-runtime:jar:4.1.2:runtime (version managed from 4.1.2)
[DEBUG]          jakarta.inject:jakarta.inject-api:jar:2.0.1:runtime
[DEBUG]          org.antlr:antlr4-runtime:jar:4.13.0:compile
[DEBUG]       org.springframework.data:spring-data-jpa:jar:3.2.1:compile (version managed from 3.2.1)
[DEBUG]          org.springframework.data:spring-data-commons:jar:3.2.1:compile (version managed from 3.2.1)
[DEBUG]          org.springframework:spring-orm:jar:6.1.2:compile (version managed from 6.1.2)
[DEBUG]          org.springframework:spring-tx:jar:6.1.2:compile (version managed from 6.1.2)
[DEBUG]       org.springframework:spring-aspects:jar:6.1.2:compile (version managed from 6.1.2)
[DEBUG]    org.springframework.boot:spring-boot-starter-security:jar:3.2.1:compile
[DEBUG]       org.springframework:spring-aop:jar:6.1.2:compile (version managed from 6.1.2)
[DEBUG]       org.springframework.security:spring-security-config:jar:6.2.1:compile (version managed from 6.2.1)
[DEBUG]       org.springframework.security:spring-security-web:jar:6.2.1:compile (version managed from 6.2.1)
[DEBUG]    org.springframework.boot:spring-boot-starter-validation:jar:3.2.1:compile
[DEBUG]       org.apache.tomcat.embed:tomcat-embed-el:jar:10.1.17:compile (version managed from 10.1.17)
[DEBUG]       org.hibernate.validator:hibernate-validator:jar:8.0.1.Final:compile (version managed from 8.0.1.Final)
[DEBUG]          jakarta.validation:jakarta.validation-api:jar:3.0.2:compile (version managed from 3.0.2)
[DEBUG]    org.springframework.boot:spring-boot-starter-cache:jar:3.2.1:compile
[DEBUG]       org.springframework:spring-context-support:jar:6.1.2:compile (version managed from 6.1.2)
[DEBUG]    org.springframework.boot:spring-boot-starter-aop:jar:3.2.1:compile
[DEBUG]       org.aspectj:aspectjweaver:jar:1.9.21:compile (version managed from 1.9.21)
[DEBUG]    io.jsonwebtoken:jjwt-api:jar:0.12.3:compile
[DEBUG]    io.jsonwebtoken:jjwt-impl:jar:0.12.3:runtime
[DEBUG]    io.jsonwebtoken:jjwt-jackson:jar:0.12.3:runtime
[DEBUG]       com.fasterxml.jackson.core:jackson-databind:jar:2.15.3:compile (version managed from 2.12.7.1)
[DEBUG]          com.fasterxml.jackson.core:jackson-annotations:jar:2.15.3:compile (version managed from 2.15.3)
[DEBUG]          com.fasterxml.jackson.core:jackson-core:jar:2.15.3:compile (version managed from 2.15.3)
[DEBUG]    com.mysql:mysql-connector-j:jar:8.1.0:runtime (exclusions managed from [com.google.protobuf:protobuf-java:*:*])
[DEBUG]    com.h2database:h2:jar:2.2.224:test
[DEBUG]    org.springdoc:springdoc-openapi-starter-webmvc-ui:jar:2.3.0:compile
[DEBUG]       org.springdoc:springdoc-openapi-starter-webmvc-api:jar:2.3.0:compile
[DEBUG]          org.springdoc:springdoc-openapi-starter-common:jar:2.3.0:compile
[DEBUG]             io.swagger.core.v3:swagger-core-jakarta:jar:2.2.19:compile
[DEBUG]                org.apache.commons:commons-lang3:jar:3.13.0:compile (version managed from 3.13.0)
[DEBUG]                io.swagger.core.v3:swagger-annotations-jakarta:jar:2.2.19:compile
[DEBUG]                io.swagger.core.v3:swagger-models-jakarta:jar:2.2.19:compile
[DEBUG]                com.fasterxml.jackson.dataformat:jackson-dataformat-yaml:jar:2.15.3:compile (version managed from 2.15.2)
[DEBUG]       org.webjars:swagger-ui:jar:5.10.3:compile
[DEBUG]    org.projectlombok:lombok:jar:1.18.30:compile (optional)
[DEBUG]    org.mapstruct:mapstruct:jar:1.5.5.Final:compile
[DEBUG]    com.github.ben-manes.caffeine:caffeine:jar:3.1.8:compile
[DEBUG]       org.checkerframework:checker-qual:jar:3.37.0:compile
[DEBUG]       com.google.errorprone:error_prone_annotations:jar:2.21.1:compile
[DEBUG]    org.springframework.boot:spring-boot-starter-test:jar:3.2.1:test
[DEBUG]       org.springframework.boot:spring-boot-test:jar:3.2.1:test (version managed from 3.2.1)
[DEBUG]       org.springframework.boot:spring-boot-test-autoconfigure:jar:3.2.1:test (version managed from 3.2.1)
[DEBUG]       com.jayway.jsonpath:json-path:jar:2.8.0:test (version managed from 2.8.0)
[DEBUG]       jakarta.xml.bind:jakarta.xml.bind-api:jar:4.0.1:compile (version managed from 4.0.1)
[DEBUG]          jakarta.activation:jakarta.activation-api:jar:2.1.2:compile (version managed from 2.1.2)
[DEBUG]       net.minidev:json-smart:jar:2.5.0:test (version managed from 2.5.0)
[DEBUG]          net.minidev:accessors-smart:jar:2.5.0:test
[DEBUG]             org.ow2.asm:asm:jar:9.3:test
[DEBUG]       org.assertj:assertj-core:jar:3.24.2:test (version managed from 3.24.2)
[DEBUG]       org.hamcrest:hamcrest:jar:2.2:test (version managed from 2.2)
[DEBUG]       org.junit.jupiter:junit-jupiter:jar:5.10.1:test (version managed from 5.10.1)
[DEBUG]          org.junit.jupiter:junit-jupiter-api:jar:5.10.1:test (version managed from 5.10.1)
[DEBUG]             org.opentest4j:opentest4j:jar:1.3.0:test
[DEBUG]             org.junit.platform:junit-platform-commons:jar:1.10.1:test (version managed from 1.10.1)
[DEBUG]             org.apiguardian:apiguardian-api:jar:1.1.2:test
[DEBUG]          org.junit.jupiter:junit-jupiter-params:jar:5.10.1:test (version managed from 5.10.1)
[DEBUG]          org.junit.jupiter:junit-jupiter-engine:jar:5.10.1:test (version managed from 5.10.1)
[DEBUG]             org.junit.platform:junit-platform-engine:jar:1.10.1:test (version managed from 1.10.1)
[DEBUG]       org.mockito:mockito-core:jar:5.7.0:test (version managed from 5.7.0)
[DEBUG]          net.bytebuddy:byte-buddy-agent:jar:1.14.10:test (version managed from 1.14.9)
[DEBUG]          org.objenesis:objenesis:jar:3.3:test
[DEBUG]       org.mockito:mockito-junit-jupiter:jar:5.7.0:test (version managed from 5.7.0)
[DEBUG]       org.skyscreamer:jsonassert:jar:1.5.1:test (version managed from 1.5.1)
[DEBUG]          com.vaadin.external.google:android-json:jar:0.0.20131108.vaadin1:test
[DEBUG]       org.springframework:spring-core:jar:6.1.2:compile (version managed from 6.1.2)
[DEBUG]          org.springframework:spring-jcl:jar:6.1.2:compile (version managed from 6.1.2)
[DEBUG]       org.springframework:spring-test:jar:6.1.2:test (version managed from 6.1.2)
[DEBUG]       org.xmlunit:xmlunit-core:jar:2.9.1:test (version managed from 2.9.1)
[DEBUG]    org.springframework.security:spring-security-test:jar:6.2.1:test
[DEBUG]       org.springframework.security:spring-security-core:jar:6.2.1:compile (version managed from 6.2.1)
[DEBUG]          org.springframework.security:spring-security-crypto:jar:6.2.1:compile (version managed from 6.2.1)
[DEBUG]    org.testcontainers:testcontainers:jar:1.19.3:test
[DEBUG]       junit:junit:jar:4.13.2:test (version managed from 4.13.2)
[DEBUG]          org.hamcrest:hamcrest-core:jar:2.2:test (version managed from 1.3)
[DEBUG]       org.slf4j:slf4j-api:jar:2.0.9:compile (version managed from 1.7.36)
[DEBUG]       org.apache.commons:commons-compress:jar:1.24.0:test
[DEBUG]       org.rnorth.duct-tape:duct-tape:jar:1.0.8:test
[DEBUG]          org.jetbrains:annotations:jar:17.0.0:test
[DEBUG]       com.github.docker-java:docker-java-api:jar:3.3.4:test
[DEBUG]       com.github.docker-java:docker-java-transport-zerodep:jar:3.3.4:test
[DEBUG]          com.github.docker-java:docker-java-transport:jar:3.3.4:test
[DEBUG]          net.java.dev.jna:jna:jar:5.13.0:test
[DEBUG]    org.testcontainers:junit-jupiter:jar:1.19.3:test
[DEBUG]    org.testcontainers:mysql:jar:1.19.3:test
[DEBUG]       org.testcontainers:jdbc:jar:1.19.3:test (version managed from 1.19.3)
[DEBUG]          org.testcontainers:database-commons:jar:1.19.3:test (version managed from 1.19.3)
[DEBUG]    org.awaitility:awaitility:jar:4.2.0:test
[INFO] 
[INFO] --- jacoco:0.8.11:prepare-agent (default) @ taskmanager ---
[DEBUG] Using mirror maven-default-http-blocker (http://0.0.0.0/) for apache.snapshots (http://repository.apache.org/snapshots).
[DEBUG] Using mirror maven-default-http-blocker (http://0.0.0.0/) for apache.snapshots (http://people.apache.org/repo/m2-snapshot-repository).
[DEBUG] Dependency collection stats {ConflictMarker.analyzeTime=345100, ConflictMarker.markTime=112900, ConflictMarker.nodeCount=18, ConflictIdSorter.graphTime=159700, ConflictIdSorter.topsortTime=28900, ConflictIdSorter.conflictIdCount=13, ConflictIdSorter.conflictIdCycleCount=0, ConflictResolver.totalTime=665700, ConflictResolver.conflictItemCount=18, DfDependencyCollector.collectTime=91943600, DfDependencyCollector.transformTime=1344000}
[DEBUG] org.jacoco:jacoco-maven-plugin:jar:0.8.11
[DEBUG]    org.codehaus.plexus:plexus-utils:jar:3.0.24:compile
[DEBUG]    org.apache.maven.shared:file-management:jar:3.1.0:compile
[DEBUG]       org.slf4j:slf4j-api:jar:1.7.36:compile
[DEBUG]       commons-io:commons-io:jar:2.11.0:compile
[DEBUG]    org.apache.maven.reporting:maven-reporting-api:jar:3.0:compile
[DEBUG]       org.apache.maven.doxia:doxia-sink-api:jar:1.0:compile
[DEBUG]    org.jacoco:org.jacoco.agent:jar:runtime:0.8.11:compile
[DEBUG]    org.jacoco:org.jacoco.core:jar:0.8.11:compile
[DEBUG]       org.ow2.asm:asm:jar:9.6:compile (version managed from default)
[DEBUG]       org.ow2.asm:asm-commons:jar:9.6:compile (version managed from default)
[DEBUG]       org.ow2.asm:asm-tree:jar:9.6:compile (version managed from default)
[DEBUG]    org.jacoco:org.jacoco.report:jar:0.8.11:compile
[DEBUG] Created new class realm plugin>org.jacoco:jacoco-maven-plugin:0.8.11
[DEBUG] Importing foreign packages into class realm plugin>org.jacoco:jacoco-maven-plugin:0.8.11
[DEBUG]   Imported:  < maven.api
[DEBUG] Populating class realm plugin>org.jacoco:jacoco-maven-plugin:0.8.11
[DEBUG]   Included: org.jacoco:jacoco-maven-plugin:jar:0.8.11
[DEBUG]   Included: org.codehaus.plexus:plexus-utils:jar:3.0.24
[DEBUG]   Included: org.apache.maven.shared:file-management:jar:3.1.0
[DEBUG]   Included: commons-io:commons-io:jar:2.11.0
[DEBUG]   Included: org.apache.maven.reporting:maven-reporting-api:jar:3.0
[DEBUG]   Included: org.apache.maven.doxia:doxia-sink-api:jar:1.0
[DEBUG]   Included: org.jacoco:org.jacoco.agent:jar:runtime:0.8.11
[DEBUG]   Included: org.jacoco:org.jacoco.core:jar:0.8.11
[DEBUG]   Included: org.ow2.asm:asm:jar:9.6
[DEBUG]   Included: org.ow2.asm:asm-commons:jar:9.6
[DEBUG]   Included: org.ow2.asm:asm-tree:jar:9.6
[DEBUG]   Included: org.jacoco:org.jacoco.report:jar:0.8.11
[DEBUG] Loading mojo org.jacoco:jacoco-maven-plugin:0.8.11:prepare-agent from plugin realm ClassRealm[plugin>org.jacoco:jacoco-maven-plugin:0.8.11, parent: jdk.internal.loader.ClassLoaders$AppClassLoader@5bc2b487]
[DEBUG] Configuring mojo execution 'org.jacoco:jacoco-maven-plugin:0.8.11:prepare-agent:default' with basic configurator -->
[DEBUG]   (f) destFile = C:\Users\kAMGA RAMOS\Desktop\evaluation\target\jacoco.exec
[DEBUG]   (f) pluginArtifactMap = {org.jacoco:jacoco-maven-plugin=org.jacoco:jacoco-maven-plugin:maven-plugin:0.8.11:, org.codehaus.plexus:plexus-utils=org.codehaus.plexus:plexus-utils:jar:3.0.24:compile, org.apache.maven.shared:file-management=org.apache.maven.shared:file-management:jar:3.1.0:compile, org.slf4j:slf4j-api=org.slf4j:slf4j-api:jar:1.7.36:compile, commons-io:commons-io=commons-io:commons-io:jar:2.11.0:compile, org.apache.maven.reporting:maven-reporting-api=org.apache.maven.reporting:maven-reporting-api:jar:3.0:compile, org.apache.maven.doxia:doxia-sink-api=org.apache.maven.doxia:doxia-sink-api:jar:1.0:compile, org.jacoco:org.jacoco.agent=org.jacoco:org.jacoco.agent:jar:runtime:0.8.11:compile, org.jacoco:org.jacoco.core=org.jacoco:org.jacoco.core:jar:0.8.11:compile, org.ow2.asm:asm=org.ow2.asm:asm:jar:9.6:compile, org.ow2.asm:asm-commons=org.ow2.asm:asm-commons:jar:9.6:compile, org.ow2.asm:asm-tree=org.ow2.asm:asm-tree:jar:9.6:compile, org.jacoco:org.jacoco.report=org.jacoco:org.jacoco.report:jar:0.8.11:compile}
[DEBUG]   (f) project = MavenProject: com.taskmanager:taskmanager:1.0.0 @ C:\Users\kAMGA RAMOS\Desktop\evaluation\pom.xml
[DEBUG]   (f) skip = false
[DEBUG] -- end configuration --
[INFO] argLine set to "-javaagent:C:\\Users\\kAMGA RAMOS\\.m2\\repository\\org\\jacoco\\org.jacoco.agent\\0.8.11\\org.jacoco.agent-0.8.11-runtime.jar=destfile=C:\\Users\\kAMGA RAMOS\\Desktop\\evaluation\\target\\jacoco.exec"
[INFO] 
[INFO] --- resources:3.3.1:resources (default-resources) @ taskmanager ---
[DEBUG] Dependency collection stats {ConflictMarker.analyzeTime=66500, ConflictMarker.markTime=27200, ConflictMarker.nodeCount=13, ConflictIdSorter.graphTime=42800, ConflictIdSorter.topsortTime=20800, ConflictIdSorter.conflictIdCount=9, ConflictIdSorter.conflictIdCycleCount=0, ConflictResolver.totalTime=286500, ConflictResolver.conflictItemCount=13, DfDependencyCollector.collectTime=39195800, DfDependencyCollector.transformTime=470700}
[DEBUG] org.apache.maven.plugins:maven-resources-plugin:jar:3.3.1
[DEBUG]    org.codehaus.plexus:plexus-interpolation:jar:1.26:runtime
[DEBUG]    org.codehaus.plexus:plexus-utils:jar:3.5.1:compile
[DEBUG]    org.apache.maven.shared:maven-filtering:jar:3.3.1:compile
[DEBUG]       javax.inject:javax.inject:jar:1:compile
[DEBUG]       org.slf4j:slf4j-api:jar:1.7.36:compile
[DEBUG]       org.sonatype.plexus:plexus-build-api:jar:0.0.7:compile
[DEBUG]    commons-io:commons-io:jar:2.11.0:compile
[DEBUG]    org.apache.commons:commons-lang3:jar:3.12.0:compile
[DEBUG] Created new class realm plugin>org.apache.maven.plugins:maven-resources-plugin:3.3.1
[DEBUG] Importing foreign packages into class realm plugin>org.apache.maven.plugins:maven-resources-plugin:3.3.1
[DEBUG]   Imported:  < maven.api
[DEBUG] Populating class realm plugin>org.apache.maven.plugins:maven-resources-plugin:3.3.1
[DEBUG]   Included: org.apache.maven.plugins:maven-resources-plugin:jar:3.3.1
[DEBUG]   Included: org.codehaus.plexus:plexus-interpolation:jar:1.26
[DEBUG]   Included: org.codehaus.plexus:plexus-utils:jar:3.5.1
[DEBUG]   Included: org.apache.maven.shared:maven-filtering:jar:3.3.1
[DEBUG]   Included: org.sonatype.plexus:plexus-build-api:jar:0.0.7
[DEBUG]   Included: commons-io:commons-io:jar:2.11.0
[DEBUG]   Included: org.apache.commons:commons-lang3:jar:3.12.0
[DEBUG] Loading mojo org.apache.maven.plugins:maven-resources-plugin:3.3.1:resources from plugin realm ClassRealm[plugin>org.apache.maven.plugins:maven-resources-plugin:3.3.1, parent: jdk.internal.loader.ClassLoaders$AppClassLoader@5bc2b487]
[DEBUG] Configuring mojo execution 'org.apache.maven.plugins:maven-resources-plugin:3.3.1:resources:default-resources' with basic configurator -->
[DEBUG]   (f) addDefaultExcludes = true
[DEBUG]   (f) buildFilters = []
[DEBUG]   (s) delimiters = [@]
[DEBUG]   (f) encoding = UTF-8
[DEBUG]   (f) escapeWindowsPaths = true
[DEBUG]   (f) fileNameFiltering = false
[DEBUG]   (s) includeEmptyDirs = false
[DEBUG]   (s) outputDirectory = C:\Users\kAMGA RAMOS\Desktop\evaluation\target\classes
[DEBUG]   (s) overwrite = false
[DEBUG]   (f) project = MavenProject: com.taskmanager:taskmanager:1.0.0 @ C:\Users\kAMGA RAMOS\Desktop\evaluation\pom.xml
[DEBUG]   (f) propertiesEncoding = UTF-8
[DEBUG]   (s) resources = [Resource {targetPath: null, filtering: true, FileSet {directory: C:\Users\kAMGA RAMOS\Desktop\evaluation\src\main\resources, PatternSet [includes: {**/application*.yml, **/application*.yaml, **/application*.properties}, excludes: {}]}}, Resource {targetPath: null, filtering: false, FileSet {directory: C:\Users\kAMGA RAMOS\Desktop\evaluation\src\main\resources, PatternSet [includes: {}, excludes: {**/application*.yml, **/application*.yaml, **/application*.properties}]}}]
[DEBUG]   (f) session = org.apache.maven.execution.MavenSession@516462cc
[DEBUG]   (f) skip = false
[DEBUG]   (f) supportMultiLineFiltering = false
[DEBUG]   (f) useBuildFilters = true
[DEBUG]   (s) useDefaultDelimiters = false
[DEBUG] -- end configuration --
[DEBUG] properties used:
[DEBUG] activemq.version: 5.18.3
[DEBUG] angus-mail.version: 2.0.2
[DEBUG] argLine: "-javaagent:C:\\Users\\kAMGA RAMOS\\.m2\\repository\\org\\jacoco\\org.jacoco.agent\\0.8.11\\org.jacoco.agent-0.8.11-runtime.jar=destfile=C:\\Users\\kAMGA RAMOS\\Desktop\\evaluation\\target\\jacoco.exec"
[DEBUG] artemis.version: 2.31.2
[DEBUG] aspectj.version: 1.9.21
[DEBUG] assertj.version: 3.24.2
[DEBUG] awaitility.version: 4.2.0
[DEBUG] brave.version: 5.16.0
[DEBUG] build-helper-maven-plugin.version: 3.4.0
[DEBUG] byte-buddy.version: 1.14.10
[DEBUG] cache2k.version: 2.6.1.Final
[DEBUG] caffeine.version: 3.1.8
[DEBUG] cassandra-driver.version: 4.17.0
[DEBUG] classmate.version: 1.6.0
[DEBUG] classworlds.conf: C:\Users\kAMGA RAMOS\.m2\wrapper\dists\apache-maven-3.9.12\59fe215c0ad6947fea90184bf7add084544567b927287592651fda3782e0e798\bin\m2.conf
[DEBUG] commons-codec.version: 1.16.0
[DEBUG] commons-dbcp2.version: 2.10.0
[DEBUG] commons-lang3.version: 3.13.0
[DEBUG] commons-pool.version: 1.6
[DEBUG] commons-pool2.version: 2.12.0
[DEBUG] couchbase-client.version: 3.4.11
[DEBUG] crac.version: 1.4.0
[DEBUG] db2-jdbc.version: 11.5.9.0
[DEBUG] dependency-management-plugin.version: 1.1.4
[DEBUG] derby.version: 10.16.1.1
[DEBUG] dropwizard-metrics.version: 4.2.23
[DEBUG] ehcache3.version: 3.10.8
[DEBUG] elasticsearch-client.version: 8.10.4
[DEBUG] env.=C:: C:\Users\kAMGA RAMOS\Desktop\evaluation
[DEBUG] env.=EXITCODE: 00000000
[DEBUG] env.ALLUSERSPROFILE: C:\ProgramData
[DEBUG] env.APPDATA: C:\Users\kAMGA RAMOS\AppData\Roaming
[DEBUG] env.BLACKBOX_ACTIVE: true
[DEBUG] env.CHROME_CRASHPAD_PIPE_NAME: \\.\pipe\crashpad_11256_PIOESEKUGGCTVNDK
[DEBUG] env.CLASSWORLDS_JAR: "C:\Users\kAMGA RAMOS\.m2\wrapper\dists\apache-maven-3.9.12\59fe215c0ad6947fea90184bf7add084544567b927287592651fda3782e0e798\boot\plexus-classworlds-2.9.0.jar"
[DEBUG] env.CLASSWORLDS_LAUNCHER: org.codehaus.plexus.classworlds.launcher.Launcher
[DEBUG] env.COLORTERM: truecolor
[DEBUG] env.COMMONPROGRAMFILES: C:\Program Files\Common Files
[DEBUG] env.COMMONPROGRAMFILES(X86): C:\Program Files (x86)\Common Files
[DEBUG] env.COMMONPROGRAMW6432: C:\Program Files\Common Files
[DEBUG] env.COMPUTERNAME: DESKTOP-PAMNL4V
[DEBUG] env.COMSPEC: C:\Windows\system32\cmd.exe
[DEBUG] env.DRIVERDATA: C:\Windows\System32\Drivers\DriverData
[DEBUG] env.ERROR_CODE: 0
[DEBUG] env.EXEC_DIR: C:\Users\kAMGA RAMOS\Desktop\evaluation
[DEBUG] env.FPS_BROWSER_APP_PROFILE_STRING: Internet Explorer
[DEBUG] env.FPS_BROWSER_USER_PROFILE_STRING: Default
[DEBUG] env.HOMEDRIVE: C:
[DEBUG] env.HOMEPATH: \Users\kAMGA RAMOS
[DEBUG] env.INTERNAL_MAVEN_OPTS: --enable-native-access=ALL-UNNAMED 
[DEBUG] env.JAVACMD: C:\Program Files\Common Files\Oracle\Java\javapath\java.exe
[DEBUG] env.JVMCONFIG: \.mvn\jvm.config
[DEBUG] env.LANG: en_US.UTF-8
[DEBUG] env.LOCALAPPDATA: C:\Users\kAMGA RAMOS\AppData\Local
[DEBUG] env.LOGONSERVER: \\DESKTOP-PAMNL4V
[DEBUG] env.MAVEN_CMD_LINE_ARGS: compile -X
[DEBUG] env.MAVEN_HOME: C:\Users\kAMGA RAMOS\.m2\wrapper\dists\apache-maven-3.9.12\59fe215c0ad6947fea90184bf7add084544567b927287592651fda3782e0e798
[DEBUG] env.MAVEN_PROJECTBASEDIR: C:\Users\kAMGA RAMOS\Desktop\evaluation
[DEBUG] env.NUMBER_OF_PROCESSORS: 8
[DEBUG] env.ONEDRIVE: C:\Users\kAMGA RAMOS\OneDrive
[DEBUG] env.OS: Windows_NT
[DEBUG] env.PATH: c:\Users\kAMGA RAMOS\AppData\Roaming\Code\User\globalStorage\github.copilot-chat\debugCommand;c:\Users\kAMGA RAMOS\AppData\Roaming\Code\User\globalStorage\github.copilot-chat\copilotCli;C:\Users\kAMGA RAMOS\AppData\Local\Programs\Microsoft VS Code;C:\Program Files\Common Files\Oracle\Java\javapath;C:\Windows\system32;C:\Windows;C:\Windows\System32\Wbem;C:\Windows\System32\WindowsPowerShell\v1.0\;C:\Windows\System32\OpenSSH\;C:\Program Files\nodejs\;C:\Program Files\Docker\Docker\resources\bin;C:\Users\kAMGA RAMOS\AppData\Local\Microsoft\WindowsApps;C:\Users\kAMGA RAMOS\AppData\Roaming\npm;C:\Users\kAMGA RAMOS\AppData\Local\Programs\Microsoft VS Code\bin;C:\Users\kAMGA RAMOS\AppData\Local\Programs\Antigravity\bin;c:\Users\kAMGA RAMOS\.vscode\extensions\vscjava.vscode-java-debug-0.58.5\bundled\scripts\noConfigScripts
[DEBUG] env.PATHEXT: .COM;.EXE;.BAT;.CMD;.VBS;.VBE;.JS;.JSE;.WSF;.WSH;.MSC;.CPL
[DEBUG] env.PROCESSOR_ARCHITECTURE: AMD64
[DEBUG] env.PROCESSOR_IDENTIFIER: Intel64 Family 6 Model 42 Stepping 7, GenuineIntel
[DEBUG] env.PROCESSOR_LEVEL: 6
[DEBUG] env.PROCESSOR_REVISION: 2a07
[DEBUG] env.PROGRAMDATA: C:\ProgramData
[DEBUG] env.PROGRAMFILES: C:\Program Files
[DEBUG] env.PROGRAMFILES(X86): C:\Program Files (x86)
[DEBUG] env.PROGRAMW6432: C:\Program Files
[DEBUG] env.PROMPT: $P$G
[DEBUG] env.PSMODULEPATH: C:\Users\kAMGA RAMOS\Documents\WindowsPowerShell\Modules;C:\Program Files\WindowsPowerShell\Modules;C:\Windows\system32\WindowsPowerShell\v1.0\Modules
[DEBUG] env.PUBLIC: C:\Users\Public
[DEBUG] env.SESSIONNAME: Console
[DEBUG] env.SYSTEMDRIVE: C:
[DEBUG] env.SYSTEMROOT: C:\Windows
[DEBUG] env.TEMP: C:\Users\KAMGAR~1\AppData\Local\Temp
[DEBUG] env.TERM_PROGRAM: vscode
[DEBUG] env.TERM_PROGRAM_VERSION: 1.110.1
[DEBUG] env.TMP: C:\Users\KAMGAR~1\AppData\Local\Temp
[DEBUG] env.USERDOMAIN: DESKTOP-PAMNL4V
[DEBUG] env.USERDOMAIN_ROAMINGPROFILE: DESKTOP-PAMNL4V
[DEBUG] env.USERNAME: kAMGA RAMOS
[DEBUG] env.USERPROFILE: C:\Users\kAMGA RAMOS
[DEBUG] env.VSCODE_A11Y_MODE: 0
[DEBUG] env.VSCODE_INJECTION: 1
[DEBUG] env.VSCODE_JAVA_EXEC: C:\Program Files\Java\jdk-25.0.2\bin\java
[DEBUG] env.VSCODE_JDWP_ADAPTER_ENDPOINTS: c:\Users\kAMGA RAMOS\.vscode\extensions\vscjava.vscode-java-debug-0.58.5\.noConfigDebugAdapterEndpoints\endpoint-feeab5932edace33.txt
[DEBUG] env.VSCODE_NONCE: 07345213-3e2b-4ba6-979a-b22eedf1c67f
[DEBUG] env.VSCODE_STABLE: 1
[DEBUG] env.WDIR: C:\Users\kAMGA RAMOS\Desktop\evaluation
[DEBUG] env.WINDIR: C:\Windows
[DEBUG] env.__MVNW_CMD__: C:\Users\kAMGA RAMOS/.m2/wrapper/dists/apache-maven-3.9.12/59fe215c0ad6947fea90184bf7add084544567b927287592651fda3782e0e798/bin/mvn.cmd
[DEBUG] file.encoding: UTF-8
[DEBUG] file.separator: \
[DEBUG] flyway.version: 9.22.3
[DEBUG] freemarker.version: 2.3.32
[DEBUG] git-commit-id-maven-plugin.version: 6.0.0
[DEBUG] glassfish-jaxb.version: 4.0.4
[DEBUG] glassfish-jstl.version: 3.0.1
[DEBUG] graphql-java.version: 21.3
[DEBUG] groovy.version: 4.0.16
[DEBUG] gson.version: 2.10.1
[DEBUG] h2.version: 2.2.224
[DEBUG] hamcrest.version: 2.2
[DEBUG] hazelcast.version: 5.3.6
[DEBUG] hibernate-validator.version: 8.0.1.Final
[DEBUG] hibernate.version: 6.4.1.Final
[DEBUG] hikaricp.version: 5.0.1
[DEBUG] hsqldb.version: 2.7.2
[DEBUG] htmlunit.version: 2.70.0
[DEBUG] httpasyncclient.version: 4.1.5
[DEBUG] httpclient5.version: 5.2.3
[DEBUG] httpcore.version: 4.4.16
[DEBUG] httpcore5.version: 5.2.4
[DEBUG] infinispan.version: 14.0.21.Final
[DEBUG] influxdb-java.version: 2.23
[DEBUG] jackson-bom.version: 2.15.3
[DEBUG] jakarta-activation.version: 2.1.2
[DEBUG] jakarta-annotation.version: 2.1.1
[DEBUG] jakarta-jms.version: 3.1.0
[DEBUG] jakarta-json-bind.version: 3.0.0
[DEBUG] jakarta-json.version: 2.1.3
[DEBUG] jakarta-mail.version: 2.1.2
[DEBUG] jakarta-management.version: 1.1.4
[DEBUG] jakarta-persistence.version: 3.1.0
[DEBUG] jakarta-servlet-jsp-jstl.version: 3.0.0
[DEBUG] jakarta-servlet.version: 6.0.0
[DEBUG] jakarta-transaction.version: 2.0.1
[DEBUG] jakarta-validation.version: 3.0.2
[DEBUG] jakarta-websocket.version: 2.1.1
[DEBUG] jakarta-ws-rs.version: 3.1.0
[DEBUG] jakarta-xml-bind.version: 4.0.1
[DEBUG] jakarta-xml-soap.version: 3.0.1
[DEBUG] jakarta-xml-ws.version: 4.0.1
[DEBUG] janino.version: 3.1.11
[DEBUG] java.class.path: C:\Users\kAMGA RAMOS\.m2\wrapper\dists\apache-maven-3.9.12\59fe215c0ad6947fea90184bf7add084544567b927287592651fda3782e0e798\boot\plexus-classworlds-2.9.0.jar
[DEBUG] java.class.version: 69.0
[DEBUG] java.home: C:\Program Files\Java\jdk-25.0.2
[DEBUG] java.io.tmpdir: C:\Users\KAMGAR~1\AppData\Local\Temp\
[DEBUG] java.library.path: C:\Program Files\Java\jdk-25.0.2\bin;C:\Windows\Sun\Java\bin;C:\Windows\system32;C:\Windows;c:\Users\kAMGA RAMOS\AppData\Roaming\Code\User\globalStorage\github.copilot-chat\debugCommand;c:\Users\kAMGA RAMOS\AppData\Roaming\Code\User\globalStorage\github.copilot-chat\copilotCli;C:\Users\kAMGA RAMOS\AppData\Local\Programs\Microsoft VS Code;C:\Program Files\Common Files\Oracle\Java\javapath;C:\Windows\system32;C:\Windows;C:\Windows\System32\Wbem;C:\Windows\System32\WindowsPowerShell\v1.0\;C:\Windows\System32\OpenSSH\;C:\Program Files\nodejs\;C:\Program Files\Docker\Docker\resources\bin;C:\Users\kAMGA RAMOS\AppData\Local\Microsoft\WindowsApps;C:\Users\kAMGA RAMOS\AppData\Roaming\npm;C:\Users\kAMGA RAMOS\AppData\Local\Programs\Microsoft VS Code\bin;C:\Users\kAMGA RAMOS\AppData\Local\Programs\Antigravity\bin;c:\Users\kAMGA RAMOS\.vscode\extensions\vscjava.vscode-java-debug-0.58.5\bundled\scripts\noConfigScripts;.
[DEBUG] java.runtime.name: Java(TM) SE Runtime Environment
[DEBUG] java.runtime.version: 25.0.2+10-LTS-69
[DEBUG] java.specification.name: Java Platform API Specification
[DEBUG] java.specification.vendor: Oracle Corporation
[DEBUG] java.specification.version: 25
[DEBUG] java.vendor: Oracle Corporation
[DEBUG] java.vendor.url: https://java.oracle.com/
[DEBUG] java.vendor.url.bug: https://bugreport.java.com/bugreport/
[DEBUG] java.version: 25.0.2
[DEBUG] java.version.date: 2026-01-20
[DEBUG] java.vm.compressedOopsMode: 32-bit
[DEBUG] java.vm.info: mixed mode, sharing
[DEBUG] java.vm.name: Java HotSpot(TM) 64-Bit Server VM
[DEBUG] java.vm.specification.name: Java Virtual Machine Specification
[DEBUG] java.vm.specification.vendor: Oracle Corporation
[DEBUG] java.vm.specification.version: 25
[DEBUG] java.vm.vendor: Oracle Corporation
[DEBUG] java.vm.version: 25.0.2+10-LTS-69
[DEBUG] javax-cache.version: 1.1.1
[DEBUG] javax-money.version: 1.1
[DEBUG] jaxen.version: 2.0.0
[DEBUG] jaybird.version: 5.0.3.java11
[DEBUG] jboss-logging.version: 3.5.3.Final
[DEBUG] jdk.debug: release
[DEBUG] jdom2.version: 2.0.6.1
[DEBUG] jedis.version: 5.0.2
[DEBUG] jersey.version: 3.1.5
[DEBUG] jetty-reactive-httpclient.version: 4.0.1
[DEBUG] jetty.version: 12.0.5
[DEBUG] jjwt.version: 0.12.3
[DEBUG] jmustache.version: 1.15
[DEBUG] jooq.version: 3.18.7
[DEBUG] json-path.version: 2.8.0
[DEBUG] json-smart.version: 2.5.0
[DEBUG] jsonassert.version: 1.5.1
[DEBUG] jtds.version: 1.3.1
[DEBUG] junit-jupiter.version: 5.10.1
[DEBUG] junit.version: 4.13.2
[DEBUG] kafka.version: 3.6.1
[DEBUG] kotlin-coroutines.version: 1.7.3
[DEBUG] kotlin-serialization.version: 1.6.2
[DEBUG] kotlin.version: 1.9.21
[DEBUG] lettuce.version: 6.3.0.RELEASE
[DEBUG] library.jansi.path: C:\Users\kAMGA RAMOS\.m2\wrapper\dists\apache-maven-3.9.12\59fe215c0ad6947fea90184bf7add084544567b927287592651fda3782e0e798\lib\jansi-native
[DEBUG] line.separator: 

[DEBUG] liquibase.version: 4.24.0
[DEBUG] log4j2.version: 2.21.1
[DEBUG] logback.version: 1.4.14
[DEBUG] lombok.version: 1.18.30
[DEBUG] mapstruct.version: 1.5.5.Final
[DEBUG] mariadb.version: 3.2.0
[DEBUG] maven-antrun-plugin.version: 3.1.0
[DEBUG] maven-assembly-plugin.version: 3.6.0
[DEBUG] maven-clean-plugin.version: 3.3.2
[DEBUG] maven-compiler-plugin.version: 3.11.0
[DEBUG] maven-dependency-plugin.version: 3.6.1
[DEBUG] maven-deploy-plugin.version: 3.1.1
[DEBUG] maven-enforcer-plugin.version: 3.4.1
[DEBUG] maven-failsafe-plugin.version: 3.1.2
[DEBUG] maven-help-plugin.version: 3.4.0
[DEBUG] maven-install-plugin.version: 3.1.1
[DEBUG] maven-invoker-plugin.version: 3.6.0
[DEBUG] maven-jar-plugin.version: 3.3.0
[DEBUG] maven-javadoc-plugin.version: 3.6.3
[DEBUG] maven-resources-plugin.version: 3.3.1
[DEBUG] maven-shade-plugin.version: 3.5.1
[DEBUG] maven-source-plugin.version: 3.3.0
[DEBUG] maven-surefire-plugin.version: 3.1.2
[DEBUG] maven-war-plugin.version: 3.4.0
[DEBUG] maven.build.timestamp: 2026-03-09T08:54:34Z
[DEBUG] maven.build.version: Apache Maven 3.9.12 (848fbb4bf2d427b72bdb2471c22fced7ebd9a7a1)
[DEBUG] maven.compiler.release: 17
[DEBUG] maven.conf: C:\Users\kAMGA RAMOS\.m2\wrapper\dists\apache-maven-3.9.12\59fe215c0ad6947fea90184bf7add084544567b927287592651fda3782e0e798/conf
[DEBUG] maven.home: C:\Users\kAMGA RAMOS\.m2\wrapper\dists\apache-maven-3.9.12\59fe215c0ad6947fea90184bf7add084544567b927287592651fda3782e0e798
[DEBUG] maven.multiModuleProjectDirectory: C:\Users\kAMGA RAMOS\Desktop\evaluation
[DEBUG] maven.version: 3.9.12
[DEBUG] micrometer-tracing.version: 1.2.1
[DEBUG] micrometer.version: 1.12.1
[DEBUG] mockito.version: 5.7.0
[DEBUG] mongodb.version: 4.11.1
[DEBUG] mssql-jdbc.version: 12.4.2.jre11
[DEBUG] mysql.version: 8.1.0
[DEBUG] native-build-tools-plugin.version: 0.9.28
[DEBUG] native.encoding: Cp1252
[DEBUG] nekohtml.version: 1.9.22
[DEBUG] neo4j-java-driver.version: 5.13.0
[DEBUG] netty.version: 4.1.104.Final
[DEBUG] okhttp.version: 4.12.0
[DEBUG] opentelemetry.version: 1.31.0
[DEBUG] oracle-database.version: 23.3.0.23.09
[DEBUG] oracle-r2dbc.version: 1.1.1
[DEBUG] os.arch: amd64
[DEBUG] os.name: Windows 10
[DEBUG] os.version: 10.0
[DEBUG] path.separator: ;
[DEBUG] pooled-jms.version: 3.1.5
[DEBUG] postgresql.version: 42.6.0
[DEBUG] project.baseUri: file:/C:/Users/kAMGA%20RAMOS/Desktop/evaluation/
[DEBUG] project.build.sourceEncoding: UTF-8
[DEBUG] project.reporting.outputEncoding: UTF-8
[DEBUG] prometheus-client.version: 0.16.0
[DEBUG] pulsar-reactive.version: 0.5.1
[DEBUG] pulsar.version: 3.1.1
[DEBUG] quartz.version: 2.3.2
[DEBUG] querydsl.version: 5.0.0
[DEBUG] r2dbc-h2.version: 1.0.0.RELEASE
[DEBUG] r2dbc-mariadb.version: 1.1.4
[DEBUG] r2dbc-mssql.version: 1.0.2.RELEASE
[DEBUG] r2dbc-mysql.version: 1.0.5
[DEBUG] r2dbc-pool.version: 1.0.1.RELEASE
[DEBUG] r2dbc-postgresql.version: 1.0.3.RELEASE
[DEBUG] r2dbc-proxy.version: 1.1.3.RELEASE
[DEBUG] r2dbc-spi.version: 1.0.0.RELEASE
[DEBUG] rabbit-amqp-client.version: 5.19.0
[DEBUG] rabbit-stream-client.version: 0.14.0
[DEBUG] reactive-streams.version: 1.0.4
[DEBUG] reactor-bom.version: 2023.0.1
[DEBUG] resource.delimiter: @
[DEBUG] rest-assured.version: 5.3.2
[DEBUG] rsocket.version: 1.1.3
[DEBUG] rxjava3.version: 3.1.8
[DEBUG] saaj-impl.version: 3.0.3
[DEBUG] selenium-htmlunit.version: 4.13.0
[DEBUG] selenium.version: 4.14.1
[DEBUG] sendgrid.version: 4.9.3
[DEBUG] slf4j.version: 2.0.9
[DEBUG] snakeyaml.version: 2.2
[DEBUG] spring-amqp.version: 3.1.1
[DEBUG] spring-authorization-server.version: 1.2.1
[DEBUG] spring-batch.version: 5.1.0
[DEBUG] spring-data-bom.version: 2023.1.1
[DEBUG] spring-framework.version: 6.1.2
[DEBUG] spring-graphql.version: 1.2.4
[DEBUG] spring-hateoas.version: 2.2.0
[DEBUG] spring-integration.version: 6.2.1
[DEBUG] spring-kafka.version: 3.1.1
[DEBUG] spring-ldap.version: 3.2.1
[DEBUG] spring-pulsar.version: 1.0.1
[DEBUG] spring-restdocs.version: 3.0.1
[DEBUG] spring-retry.version: 2.0.5
[DEBUG] spring-security.version: 6.2.1
[DEBUG] spring-session.version: 3.2.1
[DEBUG] spring-ws.version: 4.0.9
[DEBUG] sqlite-jdbc.version: 3.43.2.0
[DEBUG] stderr.encoding: Cp1252
[DEBUG] stdin.encoding: cp850
[DEBUG] stdout.encoding: Cp1252
[DEBUG] sun.arch.data.model: 64
[DEBUG] sun.boot.library.path: C:\Program Files\Java\jdk-25.0.2\bin
[DEBUG] sun.cpu.endian: little
[DEBUG] sun.cpu.isalist: amd64
[DEBUG] sun.io.unicode.encoding: UnicodeLittle
[DEBUG] sun.java.command: org.codehaus.plexus.classworlds.launcher.Launcher compile -X
[DEBUG] sun.java.launcher: SUN_STANDARD
[DEBUG] sun.jnu.encoding: Cp1252
[DEBUG] sun.management.compiler: HotSpot 64-Bit Tiered Compilers
[DEBUG] sun.os.patch.level: 
[DEBUG] testcontainers.version: 1.19.3
[DEBUG] thymeleaf-extras-data-attribute.version: 2.0.1
[DEBUG] thymeleaf-extras-springsecurity.version: 3.1.2.RELEASE
[DEBUG] thymeleaf-layout-dialect.version: 3.3.0
[DEBUG] thymeleaf.version: 3.1.2.RELEASE
[DEBUG] tomcat.version: 10.1.17
[DEBUG] unboundid-ldapsdk.version: 6.0.11
[DEBUG] undertow.version: 2.3.10.Final
[DEBUG] user.country: FR
[DEBUG] user.dir: C:\Users\kAMGA RAMOS\Desktop\evaluation
[DEBUG] user.home: C:\Users\kAMGA RAMOS
[DEBUG] user.language: fr
[DEBUG] user.name: kAMGA RAMOS
[DEBUG] user.script: 
[DEBUG] user.variant: 
[DEBUG] versions-maven-plugin.version: 2.16.2
[DEBUG] webjars-locator-core.version: 0.55
[DEBUG] wsdl4j.version: 1.6.3
[DEBUG] xml-maven-plugin.version: 1.1.0
[DEBUG] xmlunit2.version: 2.9.1
[DEBUG] yasson.version: 3.0.3
[DEBUG] Using 'UTF-8' encoding to copy filtered resources.
[DEBUG] Using 'UTF-8' encoding to copy filtered properties files.
[DEBUG] resource with targetPath null
directory C:\Users\kAMGA RAMOS\Desktop\evaluation\src\main\resources
excludes []
includes [**/application*.yml, **/application*.yaml, **/application*.properties]
[DEBUG] ignoreDelta true
[INFO] Copying 3 resources from src\main\resources to target\classes
[DEBUG] Copying file application-test.yml
[DEBUG] file application-test.yml has a filtered file extension
[DEBUG] Using 'UTF-8' encoding to copy filtered resource 'application-test.yml'.
[DEBUG] filtering C:\Users\kAMGA RAMOS\Desktop\evaluation\src\main\resources\application-test.yml to C:\Users\kAMGA RAMOS\Desktop\evaluation\target\classes\application-test.yml
[DEBUG] Copying file application.properties
[DEBUG] file application.properties has a filtered file extension
[DEBUG] Using 'UTF-8' encoding to copy filtered resource 'application.properties'.
[DEBUG] filtering C:\Users\kAMGA RAMOS\Desktop\evaluation\src\main\resources\application.properties to C:\Users\kAMGA RAMOS\Desktop\evaluation\target\classes\application.properties
[DEBUG] Copying file application.yml
[DEBUG] file application.yml has a filtered file extension
[DEBUG] Using 'UTF-8' encoding to copy filtered resource 'application.yml'.
[DEBUG] filtering C:\Users\kAMGA RAMOS\Desktop\evaluation\src\main\resources\application.yml to C:\Users\kAMGA RAMOS\Desktop\evaluation\target\classes\application.yml
[DEBUG] resource with targetPath null
directory C:\Users\kAMGA RAMOS\Desktop\evaluation\src\main\resources
excludes [**/application*.yml, **/application*.yaml, **/application*.properties]
includes []
[DEBUG] ignoreDelta true
[INFO] Copying 1 resource from src\main\resources to target\classes
[DEBUG] Copying file messages.properties
[DEBUG] file messages.properties has a filtered file extension
[DEBUG] Using 'UTF-8' encoding to copy filtered resource 'messages.properties'.
[DEBUG] copy C:\Users\kAMGA RAMOS\Desktop\evaluation\src\main\resources\messages.properties to C:\Users\kAMGA RAMOS\Desktop\evaluation\target\classes\messages.properties
[DEBUG] no user filter components
[INFO] 
[INFO] --- compiler:3.11.0:compile (default-compile) @ taskmanager ---
[DEBUG] Dependency collection stats {ConflictMarker.analyzeTime=90500, ConflictMarker.markTime=29200, ConflictMarker.nodeCount=17, ConflictIdSorter.graphTime=35500, ConflictIdSorter.topsortTime=22100, ConflictIdSorter.conflictIdCount=12, ConflictIdSorter.conflictIdCycleCount=0, ConflictResolver.totalTime=509600, ConflictResolver.conflictItemCount=17, DfDependencyCollector.collectTime=82948700, DfDependencyCollector.transformTime=722100}
[DEBUG] org.apache.maven.plugins:maven-compiler-plugin:jar:3.11.0
[DEBUG]    org.apache.maven.shared:maven-shared-utils:jar:3.3.4:compile
[DEBUG]       commons-io:commons-io:jar:2.6:compile
[DEBUG]    org.apache.maven.shared:maven-shared-incremental:jar:1.1:compile
[DEBUG]       org.codehaus.plexus:plexus-component-annotations:jar:1.5.5:compile
[DEBUG]    org.codehaus.plexus:plexus-java:jar:1.1.2:compile
[DEBUG]       org.ow2.asm:asm:jar:9.4:compile
[DEBUG]       com.thoughtworks.qdox:qdox:jar:2.0.3:compile (version managed from default)
[DEBUG]    org.codehaus.plexus:plexus-compiler-api:jar:2.13.0:compile
[DEBUG]       org.codehaus.plexus:plexus-utils:jar:3.5.0:compile (version managed from default)
[DEBUG]    org.codehaus.plexus:plexus-compiler-manager:jar:2.13.0:compile
[DEBUG]    org.codehaus.plexus:plexus-compiler-javac:jar:2.13.0:runtime
[DEBUG] Created new class realm plugin>org.apache.maven.plugins:maven-compiler-plugin:3.11.0
[DEBUG] Importing foreign packages into class realm plugin>org.apache.maven.plugins:maven-compiler-plugin:3.11.0
[DEBUG]   Imported:  < maven.api
[DEBUG] Populating class realm plugin>org.apache.maven.plugins:maven-compiler-plugin:3.11.0
[DEBUG]   Included: org.apache.maven.plugins:maven-compiler-plugin:jar:3.11.0
[DEBUG]   Included: org.apache.maven.shared:maven-shared-utils:jar:3.3.4
[DEBUG]   Included: commons-io:commons-io:jar:2.6
[DEBUG]   Included: org.apache.maven.shared:maven-shared-incremental:jar:1.1
[DEBUG]   Included: org.codehaus.plexus:plexus-component-annotations:jar:1.5.5
[DEBUG]   Included: org.codehaus.plexus:plexus-java:jar:1.1.2
[DEBUG]   Included: org.ow2.asm:asm:jar:9.4
[DEBUG]   Included: com.thoughtworks.qdox:qdox:jar:2.0.3
[DEBUG]   Included: org.codehaus.plexus:plexus-compiler-api:jar:2.13.0
[DEBUG]   Included: org.codehaus.plexus:plexus-utils:jar:3.5.0
[DEBUG]   Included: org.codehaus.plexus:plexus-compiler-manager:jar:2.13.0
[DEBUG]   Included: org.codehaus.plexus:plexus-compiler-javac:jar:2.13.0
[DEBUG] Loading mojo org.apache.maven.plugins:maven-compiler-plugin:3.11.0:compile from plugin realm ClassRealm[plugin>org.apache.maven.plugins:maven-compiler-plugin:3.11.0, parent: jdk.internal.loader.ClassLoaders$AppClassLoader@5bc2b487]
[DEBUG] Configuring mojo execution 'org.apache.maven.plugins:maven-compiler-plugin:3.11.0:compile:default-compile' with basic configurator -->
[DEBUG]   (s) groupId = org.projectlombok
[DEBUG]   (s) artifactId = lombok
[DEBUG]   (s) version = 1.18.30
[DEBUG]   (s) groupId = org.projectlombok
[DEBUG]   (s) artifactId = lombok-mapstruct-binding
[DEBUG]   (s) version = 0.2.0
[DEBUG]   (s) groupId = org.mapstruct
[DEBUG]   (s) artifactId = mapstruct-processor
[DEBUG]   (s) version = 1.5.5.Final
[DEBUG]   (f) annotationProcessorPaths = [org.projectlombok:lombok:1.18.30.jar, org.projectlombok:lombok-mapstruct-binding:0.2.0.jar, org.mapstruct:mapstruct-processor:1.5.5.Final.jar]
[DEBUG]   (f) basedir = C:\Users\kAMGA RAMOS\Desktop\evaluation
[DEBUG]   (f) buildDirectory = C:\Users\kAMGA RAMOS\Desktop\evaluation\target
[DEBUG]   (f) compilePath = [C:\Users\kAMGA RAMOS\Desktop\evaluation\target\classes, C:\Users\kAMGA RAMOS\.m2\repository\org\springframework\boot\spring-boot-starter-web\3.2.1\spring-boot-starter-web-3.2.1.jar, C:\Users\kAMGA RAMOS\.m2\repository\org\springframework\boot\spring-boot-starter\3.2.1\spring-boot-starter-3.2.1.jar, C:\Users\kAMGA RAMOS\.m2\repository\org\springframework\boot\spring-boot\3.2.1\spring-boot-3.2.1.jar, C:\Users\kAMGA RAMOS\.m2\repository\org\springframework\boot\spring-boot-autoconfigure\3.2.1\spring-boot-autoconfigure-3.2.1.jar, C:\Users\kAMGA RAMOS\.m2\repository\org\springframework\boot\spring-boot-starter-logging\3.2.1\spring-boot-starter-logging-3.2.1.jar, C:\Users\kAMGA RAMOS\.m2\repository\ch\qos\logback\logback-classic\1.4.14\logback-classic-1.4.14.jar, C:\Users\kAMGA RAMOS\.m2\repository\ch\qos\logback\logback-core\1.4.14\logback-core-1.4.14.jar, C:\Users\kAMGA RAMOS\.m2\repository\org\apache\logging\log4j\log4j-to-slf4j\2.21.1\log4j-to-slf4j-2.21.1.jar, C:\Users\kAMGA RAMOS\.m2\repository\org\apache\logging\log4j\log4j-api\2.21.1\log4j-api-2.21.1.jar, C:\Users\kAMGA RAMOS\.m2\repository\org\slf4j\jul-to-slf4j\2.0.9\jul-to-slf4j-2.0.9.jar, C:\Users\kAMGA RAMOS\.m2\repository\jakarta\annotation\jakarta.annotation-api\2.1.1\jakarta.annotation-api-2.1.1.jar, C:\Users\kAMGA RAMOS\.m2\repository\org\yaml\snakeyaml\2.2\snakeyaml-2.2.jar, C:\Users\kAMGA RAMOS\.m2\repository\org\springframework\boot\spring-boot-starter-json\3.2.1\spring-boot-starter-json-3.2.1.jar, C:\Users\kAMGA RAMOS\.m2\repository\com\fasterxml\jackson\datatype\jackson-datatype-jdk8\2.15.3\jackson-datatype-jdk8-2.15.3.jar, C:\Users\kAMGA RAMOS\.m2\repository\com\fasterxml\jackson\datatype\jackson-datatype-jsr310\2.15.3\jackson-datatype-jsr310-2.15.3.jar, C:\Users\kAMGA RAMOS\.m2\repository\com\fasterxml\jackson\module\jackson-module-parameter-names\2.15.3\jackson-module-parameter-names-2.15.3.jar, C:\Users\kAMGA RAMOS\.m2\repository\org\springframework\boot\spring-boot-starter-tomcat\3.2.1\spring-boot-starter-tomcat-3.2.1.jar, C:\Users\kAMGA RAMOS\.m2\repository\org\apache\tomcat\embed\tomcat-embed-core\10.1.17\tomcat-embed-core-10.1.17.jar, C:\Users\kAMGA RAMOS\.m2\repository\org\apache\tomcat\embed\tomcat-embed-websocket\10.1.17\tomcat-embed-websocket-10.1.17.jar, C:\Users\kAMGA RAMOS\.m2\repository\org\springframework\spring-web\6.1.2\spring-web-6.1.2.jar, C:\Users\kAMGA RAMOS\.m2\repository\org\springframework\spring-beans\6.1.2\spring-beans-6.1.2.jar, C:\Users\kAMGA RAMOS\.m2\repository\io\micrometer\micrometer-observation\1.12.1\micrometer-observation-1.12.1.jar, C:\Users\kAMGA RAMOS\.m2\repository\io\micrometer\micrometer-commons\1.12.1\micrometer-commons-1.12.1.jar, C:\Users\kAMGA RAMOS\.m2\repository\org\springframework\spring-webmvc\6.1.2\spring-webmvc-6.1.2.jar, C:\Users\kAMGA RAMOS\.m2\repository\org\springframework\spring-context\6.1.2\spring-context-6.1.2.jar, C:\Users\kAMGA RAMOS\.m2\repository\org\springframework\spring-expression\6.1.2\spring-expression-6.1.2.jar, C:\Users\kAMGA RAMOS\.m2\repository\org\springframework\boot\spring-boot-starter-data-jpa\3.2.1\spring-boot-starter-data-jpa-3.2.1.jar, C:\Users\kAMGA RAMOS\.m2\repository\org\springframework\boot\spring-boot-starter-jdbc\3.2.1\spring-boot-starter-jdbc-3.2.1.jar, C:\Users\kAMGA RAMOS\.m2\repository\com\zaxxer\HikariCP\5.0.1\HikariCP-5.0.1.jar, C:\Users\kAMGA RAMOS\.m2\repository\org\springframework\spring-jdbc\6.1.2\spring-jdbc-6.1.2.jar, C:\Users\kAMGA RAMOS\.m2\repository\org\hibernate\orm\hibernate-core\6.4.1.Final\hibernate-core-6.4.1.Final.jar, C:\Users\kAMGA RAMOS\.m2\repository\jakarta\persistence\jakarta.persistence-api\3.1.0\jakarta.persistence-api-3.1.0.jar, C:\Users\kAMGA RAMOS\.m2\repository\jakarta\transaction\jakarta.transaction-api\2.0.1\jakarta.transaction-api-2.0.1.jar, C:\Users\kAMGA RAMOS\.m2\repository\org\jboss\logging\jboss-logging\3.5.3.Final\jboss-logging-3.5.3.Final.jar, C:\Users\kAMGA RAMOS\.m2\repository\com\fasterxml\classmate\1.6.0\classmate-1.6.0.jar, C:\Users\kAMGA RAMOS\.m2\repository\org\antlr\antlr4-runtime\4.13.0\antlr4-runtime-4.13.0.jar, C:\Users\kAMGA RAMOS\.m2\repository\org\springframework\data\spring-data-jpa\3.2.1\spring-data-jpa-3.2.1.jar, C:\Users\kAMGA RAMOS\.m2\repository\org\springframework\data\spring-data-commons\3.2.1\spring-data-commons-3.2.1.jar, C:\Users\kAMGA RAMOS\.m2\repository\org\springframework\spring-orm\6.1.2\spring-orm-6.1.2.jar, C:\Users\kAMGA RAMOS\.m2\repository\org\springframework\spring-tx\6.1.2\spring-tx-6.1.2.jar, C:\Users\kAMGA RAMOS\.m2\repository\org\springframework\spring-aspects\6.1.2\spring-aspects-6.1.2.jar, C:\Users\kAMGA RAMOS\.m2\repository\org\springframework\boot\spring-boot-starter-security\3.2.1\spring-boot-starter-security-3.2.1.jar, C:\Users\kAMGA RAMOS\.m2\repository\org\springframework\spring-aop\6.1.2\spring-aop-6.1.2.jar, C:\Users\kAMGA RAMOS\.m2\repository\org\springframework\security\spring-security-config\6.2.1\spring-security-config-6.2.1.jar, C:\Users\kAMGA RAMOS\.m2\repository\org\springframework\security\spring-security-web\6.2.1\spring-security-web-6.2.1.jar, C:\Users\kAMGA RAMOS\.m2\repository\org\springframework\boot\spring-boot-starter-validation\3.2.1\spring-boot-starter-validation-3.2.1.jar, C:\Users\kAMGA RAMOS\.m2\repository\org\apache\tomcat\embed\tomcat-embed-el\10.1.17\tomcat-embed-el-10.1.17.jar, C:\Users\kAMGA RAMOS\.m2\repository\org\hibernate\validator\hibernate-validator\8.0.1.Final\hibernate-validator-8.0.1.Final.jar, C:\Users\kAMGA RAMOS\.m2\repository\jakarta\validation\jakarta.validation-api\3.0.2\jakarta.validation-api-3.0.2.jar, C:\Users\kAMGA RAMOS\.m2\repository\org\springframework\boot\spring-boot-starter-cache\3.2.1\spring-boot-starter-cache-3.2.1.jar, C:\Users\kAMGA RAMOS\.m2\repository\org\springframework\spring-context-support\6.1.2\spring-context-support-6.1.2.jar, C:\Users\kAMGA RAMOS\.m2\repository\org\springframework\boot\spring-boot-starter-aop\3.2.1\spring-boot-starter-aop-3.2.1.jar, C:\Users\kAMGA RAMOS\.m2\repository\org\aspectj\aspectjweaver\1.9.21\aspectjweaver-1.9.21.jar, C:\Users\kAMGA RAMOS\.m2\repository\io\jsonwebtoken\jjwt-api\0.12.3\jjwt-api-0.12.3.jar, C:\Users\kAMGA RAMOS\.m2\repository\com\fasterxml\jackson\core\jackson-databind\2.15.3\jackson-databind-2.15.3.jar, C:\Users\kAMGA RAMOS\.m2\repository\com\fasterxml\jackson\core\jackson-annotations\2.15.3\jackson-annotations-2.15.3.jar, C:\Users\kAMGA RAMOS\.m2\repository\com\fasterxml\jackson\core\jackson-core\2.15.3\jackson-core-2.15.3.jar, C:\Users\kAMGA RAMOS\.m2\repository\org\springdoc\springdoc-openapi-starter-webmvc-ui\2.3.0\springdoc-openapi-starter-webmvc-ui-2.3.0.jar, C:\Users\kAMGA RAMOS\.m2\repository\org\springdoc\springdoc-openapi-starter-webmvc-api\2.3.0\springdoc-openapi-starter-webmvc-api-2.3.0.jar, C:\Users\kAMGA RAMOS\.m2\repository\org\springdoc\springdoc-openapi-starter-common\2.3.0\springdoc-openapi-starter-common-2.3.0.jar, C:\Users\kAMGA RAMOS\.m2\repository\io\swagger\core\v3\swagger-core-jakarta\2.2.19\swagger-core-jakarta-2.2.19.jar, C:\Users\kAMGA RAMOS\.m2\repository\org\apache\commons\commons-lang3\3.13.0\commons-lang3-3.13.0.jar, C:\Users\kAMGA RAMOS\.m2\repository\io\swagger\core\v3\swagger-annotations-jakarta\2.2.19\swagger-annotations-jakarta-2.2.19.jar, C:\Users\kAMGA RAMOS\.m2\repository\io\swagger\core\v3\swagger-models-jakarta\2.2.19\swagger-models-jakarta-2.2.19.jar, C:\Users\kAMGA RAMOS\.m2\repository\com\fasterxml\jackson\dataformat\jackson-dataformat-yaml\2.15.3\jackson-dataformat-yaml-2.15.3.jar, C:\Users\kAMGA RAMOS\.m2\repository\org\webjars\swagger-ui\5.10.3\swagger-ui-5.10.3.jar, C:\Users\kAMGA RAMOS\.m2\repository\org\projectlombok\lombok\1.18.30\lombok-1.18.30.jar, C:\Users\kAMGA RAMOS\.m2\repository\org\mapstruct\mapstruct\1.5.5.Final\mapstruct-1.5.5.Final.jar, C:\Users\kAMGA RAMOS\.m2\repository\com\github\ben-manes\caffeine\caffeine\3.1.8\caffeine-3.1.8.jar, C:\Users\kAMGA RAMOS\.m2\repository\org\checkerframework\checker-qual\3.37.0\checker-qual-3.37.0.jar, C:\Users\kAMGA RAMOS\.m2\repository\com\google\errorprone\error_prone_annotations\2.21.1\error_prone_annotations-2.21.1.jar, C:\Users\kAMGA RAMOS\.m2\repository\jakarta\xml\bind\jakarta.xml.bind-api\4.0.1\jakarta.xml.bind-api-4.0.1.jar, C:\Users\kAMGA RAMOS\.m2\repository\jakarta\activation\jakarta.activation-api\2.1.2\jakarta.activation-api-2.1.2.jar, C:\Users\kAMGA RAMOS\.m2\repository\org\springframework\spring-core\6.1.2\spring-core-6.1.2.jar, C:\Users\kAMGA RAMOS\.m2\repository\org\springframework\spring-jcl\6.1.2\spring-jcl-6.1.2.jar, C:\Users\kAMGA RAMOS\.m2\repository\org\springframework\security\spring-security-core\6.2.1\spring-security-core-6.2.1.jar, C:\Users\kAMGA RAMOS\.m2\repository\org\springframework\security\spring-security-crypto\6.2.1\spring-security-crypto-6.2.1.jar, C:\Users\kAMGA RAMOS\.m2\repository\org\slf4j\slf4j-api\2.0.9\slf4j-api-2.0.9.jar]
[DEBUG]   (f) compileSourceRoots = [C:\Users\kAMGA RAMOS\Desktop\evaluation\src\main\java]
[DEBUG]   (f) compilerId = javac
[DEBUG]   (f) createMissingPackageInfoClass = true
[DEBUG]   (f) debug = true
[DEBUG]   (f) debugFileName = javac
[DEBUG]   (f) enablePreview = false
[DEBUG]   (f) encoding = UTF-8
[DEBUG]   (f) failOnError = true
[DEBUG]   (f) failOnWarning = false
[DEBUG]   (f) forceJavacCompilerUse = false
[DEBUG]   (f) fork = false
[DEBUG]   (f) generatedSourcesDirectory = C:\Users\kAMGA RAMOS\Desktop\evaluation\target\generated-sources\annotations
[DEBUG]   (f) mojoExecution = org.apache.maven.plugins:maven-compiler-plugin:3.11.0:compile {execution: default-compile}
[DEBUG]   (f) optimize = false
[DEBUG]   (f) outputDirectory = C:\Users\kAMGA RAMOS\Desktop\evaluation\target\classes
[DEBUG]   (f) parameters = true
[DEBUG]   (f) project = MavenProject: com.taskmanager:taskmanager:1.0.0 @ C:\Users\kAMGA RAMOS\Desktop\evaluation\pom.xml
[DEBUG]   (f) projectArtifact = com.taskmanager:taskmanager:jar:1.0.0
[DEBUG]   (s) release = 17
[DEBUG]   (f) session = org.apache.maven.execution.MavenSession@516462cc
[DEBUG]   (f) showCompilationChanges = false
[DEBUG]   (f) showDeprecation = false
[DEBUG]   (f) showWarnings = true
[DEBUG]   (f) skipMultiThreadWarning = false
[DEBUG]   (f) source = 17
[DEBUG]   (f) staleMillis = 0
[DEBUG]   (s) target = 17
[DEBUG]   (f) useIncrementalCompilation = true
[DEBUG]   (f) verbose = false
[DEBUG] -- end configuration --
[DEBUG] Using compiler 'javac'.
[DEBUG] Adding C:\Users\kAMGA RAMOS\Desktop\evaluation\target\generated-sources\annotations to compile source roots:
  C:\Users\kAMGA RAMOS\Desktop\evaluation\src\main\java
[DEBUG] New compile source roots:
  C:\Users\kAMGA RAMOS\Desktop\evaluation\src\main\java
  C:\Users\kAMGA RAMOS\Desktop\evaluation\target\generated-sources\annotations
[DEBUG] Dependency collection stats {ConflictMarker.analyzeTime=30800, ConflictMarker.markTime=20500, ConflictMarker.nodeCount=4, ConflictIdSorter.graphTime=3700, ConflictIdSorter.topsortTime=9800, ConflictIdSorter.conflictIdCount=3, ConflictIdSorter.conflictIdCycleCount=0, ConflictResolver.totalTime=102800, ConflictResolver.conflictItemCount=3, DfDependencyCollector.collectTime=6710000, DfDependencyCollector.transformTime=185500}
[DEBUG] CompilerReuseStrategy: reuseCreated
[DEBUG] useIncrementalCompilation enabled
[DEBUG] Stale source detected: C:\Users\kAMGA RAMOS\Desktop\evaluation\src\main\java\com\taskmanager\domain\repository\UserRepository.java
[DEBUG] Stale source detected: C:\Users\kAMGA RAMOS\Desktop\evaluation\src\main\java\com\taskmanager\domain\model\Task.java
[DEBUG] Stale source detected: C:\Users\kAMGA RAMOS\Desktop\evaluation\src\main\java\com\taskmanager\application\dto\RegisterRequest.java
[DEBUG] Stale source detected: C:\Users\kAMGA RAMOS\Desktop\evaluation\src\main\java\com\taskmanager\domain\model\User.java
[DEBUG] Stale source detected: C:\Users\kAMGA RAMOS\Desktop\evaluation\src\main\java\com\taskmanager\application\service\TaskService.java
[DEBUG] Stale source detected: C:\Users\kAMGA RAMOS\Desktop\evaluation\src\main\java\com\taskmanager\presentation\controller\TaskController.java
[DEBUG] Stale source detected: C:\Users\kAMGA RAMOS\Desktop\evaluation\src\main\java\com\taskmanager\application\dto\LoginRequest.java
[DEBUG] Stale source detected: C:\Users\kAMGA RAMOS\Desktop\evaluation\src\main\java\com\taskmanager\infrastructure\config\OpenApiConfig.java
[DEBUG] Stale source detected: C:\Users\kAMGA RAMOS\Desktop\evaluation\src\main\java\com\taskmanager\application\dto\TaskSummaryResponse.java
[DEBUG] Stale source detected: C:\Users\kAMGA RAMOS\Desktop\evaluation\src\main\java\com\taskmanager\domain\model\Role.java
[DEBUG] Stale source detected: C:\Users\kAMGA RAMOS\Desktop\evaluation\src\main\java\com\taskmanager\application\dto\TaskRequest.java
[DEBUG] Stale source detected: C:\Users\kAMGA RAMOS\Desktop\evaluation\src\main\java\com\taskmanager\infrastructure\security\JwtAuthenticationFilter.java
[DEBUG] Stale source detected: C:\Users\kAMGA RAMOS\Desktop\evaluation\src\main\java\com\taskmanager\presentation\controller\AuthController.java
[DEBUG] Stale source detected: C:\Users\kAMGA RAMOS\Desktop\evaluation\src\main\java\com\taskmanager\application\dto\TaskResponse.java
[DEBUG] Stale source detected: C:\Users\kAMGA RAMOS\Desktop\evaluation\src\main\java\com\taskmanager\infrastructure\security\CustomUserDetailsService.java
[DEBUG] Stale source detected: C:\Users\kAMGA RAMOS\Desktop\evaluation\src\main\java\com\taskmanager\domain\exception\BadRequestException.java
[DEBUG] Stale source detected: C:\Users\kAMGA RAMOS\Desktop\evaluation\src\main\java\com\taskmanager\infrastructure\security\JwtService.java
[DEBUG] Stale source detected: C:\Users\kAMGA RAMOS\Desktop\evaluation\src\main\java\com\taskmanager\application\dto\AuthResponse.java
[DEBUG] Stale source detected: C:\Users\kAMGA RAMOS\Desktop\evaluation\src\main\java\com\taskmanager\application\service\UserService.java
[DEBUG] Stale source detected: C:\Users\kAMGA RAMOS\Desktop\evaluation\src\main\java\com\taskmanager\domain\exception\ResourceNotFoundException.java
[DEBUG] Stale source detected: C:\Users\kAMGA RAMOS\Desktop\evaluation\src\main\java\com\taskmanager\infrastructure\security\CustomUserDetails.java
[DEBUG] Stale source detected: C:\Users\kAMGA RAMOS\Desktop\evaluation\src\main\java\com\taskmanager\TaskManagerApplication.java
[DEBUG] Stale source detected: C:\Users\kAMGA RAMOS\Desktop\evaluation\src\main\java\com\taskmanager\domain\model\TaskStatus.java
[DEBUG] Stale source detected: C:\Users\kAMGA RAMOS\Desktop\evaluation\src\main\java\com\taskmanager\domain\repository\TaskRepository.java
[DEBUG] Stale source detected: C:\Users\kAMGA RAMOS\Desktop\evaluation\src\main\java\com\taskmanager\infrastructure\config\SecurityConfiguration.java
[DEBUG] Stale source detected: C:\Users\kAMGA RAMOS\Desktop\evaluation\src\main\java\com\taskmanager\presentation\handler\GlobalExceptionHandler.java
[DEBUG] Stale source detected: C:\Users\kAMGA RAMOS\Desktop\evaluation\src\main\java\com\taskmanager\application\mapper\TaskMapper.java
[INFO] Changes detected - recompiling the module! :source
[DEBUG] Classpath:
[DEBUG]  C:\Users\kAMGA RAMOS\Desktop\evaluation\target\classes
[DEBUG]  C:\Users\kAMGA RAMOS\.m2\repository\org\springframework\boot\spring-boot-starter-web\3.2.1\spring-boot-starter-web-3.2.1.jar
[DEBUG]  C:\Users\kAMGA RAMOS\.m2\repository\org\springframework\boot\spring-boot-starter\3.2.1\spring-boot-starter-3.2.1.jar
[DEBUG]  C:\Users\kAMGA RAMOS\.m2\repository\org\springframework\boot\spring-boot\3.2.1\spring-boot-3.2.1.jar
[DEBUG]  C:\Users\kAMGA RAMOS\.m2\repository\org\springframework\boot\spring-boot-autoconfigure\3.2.1\spring-boot-autoconfigure-3.2.1.jar
[DEBUG]  C:\Users\kAMGA RAMOS\.m2\repository\org\springframework\boot\spring-boot-starter-logging\3.2.1\spring-boot-starter-logging-3.2.1.jar
[DEBUG]  C:\Users\kAMGA RAMOS\.m2\repository\ch\qos\logback\logback-classic\1.4.14\logback-classic-1.4.14.jar
[DEBUG]  C:\Users\kAMGA RAMOS\.m2\repository\ch\qos\logback\logback-core\1.4.14\logback-core-1.4.14.jar
[DEBUG]  C:\Users\kAMGA RAMOS\.m2\repository\org\apache\logging\log4j\log4j-to-slf4j\2.21.1\log4j-to-slf4j-2.21.1.jar
[DEBUG]  C:\Users\kAMGA RAMOS\.m2\repository\org\apache\logging\log4j\log4j-api\2.21.1\log4j-api-2.21.1.jar
[DEBUG]  C:\Users\kAMGA RAMOS\.m2\repository\org\slf4j\jul-to-slf4j\2.0.9\jul-to-slf4j-2.0.9.jar
[DEBUG]  C:\Users\kAMGA RAMOS\.m2\repository\jakarta\annotation\jakarta.annotation-api\2.1.1\jakarta.annotation-api-2.1.1.jar
[DEBUG]  C:\Users\kAMGA RAMOS\.m2\repository\org\yaml\snakeyaml\2.2\snakeyaml-2.2.jar
[DEBUG]  C:\Users\kAMGA RAMOS\.m2\repository\org\springframework\boot\spring-boot-starter-json\3.2.1\spring-boot-starter-json-3.2.1.jar
[DEBUG]  C:\Users\kAMGA RAMOS\.m2\repository\com\fasterxml\jackson\datatype\jackson-datatype-jdk8\2.15.3\jackson-datatype-jdk8-2.15.3.jar
[DEBUG]  C:\Users\kAMGA RAMOS\.m2\repository\com\fasterxml\jackson\datatype\jackson-datatype-jsr310\2.15.3\jackson-datatype-jsr310-2.15.3.jar
[DEBUG]  C:\Users\kAMGA RAMOS\.m2\repository\com\fasterxml\jackson\module\jackson-module-parameter-names\2.15.3\jackson-module-parameter-names-2.15.3.jar
[DEBUG]  C:\Users\kAMGA RAMOS\.m2\repository\org\springframework\boot\spring-boot-starter-tomcat\3.2.1\spring-boot-starter-tomcat-3.2.1.jar
[DEBUG]  C:\Users\kAMGA RAMOS\.m2\repository\org\apache\tomcat\embed\tomcat-embed-core\10.1.17\tomcat-embed-core-10.1.17.jar
[DEBUG]  C:\Users\kAMGA RAMOS\.m2\repository\org\apache\tomcat\embed\tomcat-embed-websocket\10.1.17\tomcat-embed-websocket-10.1.17.jar
[DEBUG]  C:\Users\kAMGA RAMOS\.m2\repository\org\springframework\spring-web\6.1.2\spring-web-6.1.2.jar
[DEBUG]  C:\Users\kAMGA RAMOS\.m2\repository\org\springframework\spring-beans\6.1.2\spring-beans-6.1.2.jar
[DEBUG]  C:\Users\kAMGA RAMOS\.m2\repository\io\micrometer\micrometer-observation\1.12.1\micrometer-observation-1.12.1.jar
[DEBUG]  C:\Users\kAMGA RAMOS\.m2\repository\io\micrometer\micrometer-commons\1.12.1\micrometer-commons-1.12.1.jar
[DEBUG]  C:\Users\kAMGA RAMOS\.m2\repository\org\springframework\spring-webmvc\6.1.2\spring-webmvc-6.1.2.jar
[DEBUG]  C:\Users\kAMGA RAMOS\.m2\repository\org\springframework\spring-context\6.1.2\spring-context-6.1.2.jar
[DEBUG]  C:\Users\kAMGA RAMOS\.m2\repository\org\springframework\spring-expression\6.1.2\spring-expression-6.1.2.jar
[DEBUG]  C:\Users\kAMGA RAMOS\.m2\repository\org\springframework\boot\spring-boot-starter-data-jpa\3.2.1\spring-boot-starter-data-jpa-3.2.1.jar
[DEBUG]  C:\Users\kAMGA RAMOS\.m2\repository\org\springframework\boot\spring-boot-starter-jdbc\3.2.1\spring-boot-starter-jdbc-3.2.1.jar
[DEBUG]  C:\Users\kAMGA RAMOS\.m2\repository\com\zaxxer\HikariCP\5.0.1\HikariCP-5.0.1.jar
[DEBUG]  C:\Users\kAMGA RAMOS\.m2\repository\org\springframework\spring-jdbc\6.1.2\spring-jdbc-6.1.2.jar
[DEBUG]  C:\Users\kAMGA RAMOS\.m2\repository\org\hibernate\orm\hibernate-core\6.4.1.Final\hibernate-core-6.4.1.Final.jar
[DEBUG]  C:\Users\kAMGA RAMOS\.m2\repository\jakarta\persistence\jakarta.persistence-api\3.1.0\jakarta.persistence-api-3.1.0.jar
[DEBUG]  C:\Users\kAMGA RAMOS\.m2\repository\jakarta\transaction\jakarta.transaction-api\2.0.1\jakarta.transaction-api-2.0.1.jar
[DEBUG]  C:\Users\kAMGA RAMOS\.m2\repository\org\jboss\logging\jboss-logging\3.5.3.Final\jboss-logging-3.5.3.Final.jar
[DEBUG]  C:\Users\kAMGA RAMOS\.m2\repository\com\fasterxml\classmate\1.6.0\classmate-1.6.0.jar
[DEBUG]  C:\Users\kAMGA RAMOS\.m2\repository\org\antlr\antlr4-runtime\4.13.0\antlr4-runtime-4.13.0.jar
[DEBUG]  C:\Users\kAMGA RAMOS\.m2\repository\org\springframework\data\spring-data-jpa\3.2.1\spring-data-jpa-3.2.1.jar
[DEBUG]  C:\Users\kAMGA RAMOS\.m2\repository\org\springframework\data\spring-data-commons\3.2.1\spring-data-commons-3.2.1.jar
[DEBUG]  C:\Users\kAMGA RAMOS\.m2\repository\org\springframework\spring-orm\6.1.2\spring-orm-6.1.2.jar
[DEBUG]  C:\Users\kAMGA RAMOS\.m2\repository\org\springframework\spring-tx\6.1.2\spring-tx-6.1.2.jar
[DEBUG]  C:\Users\kAMGA RAMOS\.m2\repository\org\springframework\spring-aspects\6.1.2\spring-aspects-6.1.2.jar
[DEBUG]  C:\Users\kAMGA RAMOS\.m2\repository\org\springframework\boot\spring-boot-starter-security\3.2.1\spring-boot-starter-security-3.2.1.jar
[DEBUG]  C:\Users\kAMGA RAMOS\.m2\repository\org\springframework\spring-aop\6.1.2\spring-aop-6.1.2.jar
[DEBUG]  C:\Users\kAMGA RAMOS\.m2\repository\org\springframework\security\spring-security-config\6.2.1\spring-security-config-6.2.1.jar
[DEBUG]  C:\Users\kAMGA RAMOS\.m2\repository\org\springframework\security\spring-security-web\6.2.1\spring-security-web-6.2.1.jar
[DEBUG]  C:\Users\kAMGA RAMOS\.m2\repository\org\springframework\boot\spring-boot-starter-validation\3.2.1\spring-boot-starter-validation-3.2.1.jar
[DEBUG]  C:\Users\kAMGA RAMOS\.m2\repository\org\apache\tomcat\embed\tomcat-embed-el\10.1.17\tomcat-embed-el-10.1.17.jar
[DEBUG]  C:\Users\kAMGA RAMOS\.m2\repository\org\hibernate\validator\hibernate-validator\8.0.1.Final\hibernate-validator-8.0.1.Final.jar
[DEBUG]  C:\Users\kAMGA RAMOS\.m2\repository\jakarta\validation\jakarta.validation-api\3.0.2\jakarta.validation-api-3.0.2.jar
[DEBUG]  C:\Users\kAMGA RAMOS\.m2\repository\org\springframework\boot\spring-boot-starter-cache\3.2.1\spring-boot-starter-cache-3.2.1.jar
[DEBUG]  C:\Users\kAMGA RAMOS\.m2\repository\org\springframework\spring-context-support\6.1.2\spring-context-support-6.1.2.jar
[DEBUG]  C:\Users\kAMGA RAMOS\.m2\repository\org\springframework\boot\spring-boot-starter-aop\3.2.1\spring-boot-starter-aop-3.2.1.jar
[DEBUG]  C:\Users\kAMGA RAMOS\.m2\repository\org\aspectj\aspectjweaver\1.9.21\aspectjweaver-1.9.21.jar
[DEBUG]  C:\Users\kAMGA RAMOS\.m2\repository\io\jsonwebtoken\jjwt-api\0.12.3\jjwt-api-0.12.3.jar
[DEBUG]  C:\Users\kAMGA RAMOS\.m2\repository\com\fasterxml\jackson\core\jackson-databind\2.15.3\jackson-databind-2.15.3.jar
[DEBUG]  C:\Users\kAMGA RAMOS\.m2\repository\com\fasterxml\jackson\core\jackson-annotations\2.15.3\jackson-annotations-2.15.3.jar
[DEBUG]  C:\Users\kAMGA RAMOS\.m2\repository\com\fasterxml\jackson\core\jackson-core\2.15.3\jackson-core-2.15.3.jar
[DEBUG]  C:\Users\kAMGA RAMOS\.m2\repository\org\springdoc\springdoc-openapi-starter-webmvc-ui\2.3.0\springdoc-openapi-starter-webmvc-ui-2.3.0.jar
[DEBUG]  C:\Users\kAMGA RAMOS\.m2\repository\org\springdoc\springdoc-openapi-starter-webmvc-api\2.3.0\springdoc-openapi-starter-webmvc-api-2.3.0.jar
[DEBUG]  C:\Users\kAMGA RAMOS\.m2\repository\org\springdoc\springdoc-openapi-starter-common\2.3.0\springdoc-openapi-starter-common-2.3.0.jar
[DEBUG]  C:\Users\kAMGA RAMOS\.m2\repository\io\swagger\core\v3\swagger-core-jakarta\2.2.19\swagger-core-jakarta-2.2.19.jar
[DEBUG]  C:\Users\kAMGA RAMOS\.m2\repository\org\apache\commons\commons-lang3\3.13.0\commons-lang3-3.13.0.jar
[DEBUG]  C:\Users\kAMGA RAMOS\.m2\repository\io\swagger\core\v3\swagger-annotations-jakarta\2.2.19\swagger-annotations-jakarta-2.2.19.jar
[DEBUG]  C:\Users\kAMGA RAMOS\.m2\repository\io\swagger\core\v3\swagger-models-jakarta\2.2.19\swagger-models-jakarta-2.2.19.jar
[DEBUG]  C:\Users\kAMGA RAMOS\.m2\repository\com\fasterxml\jackson\dataformat\jackson-dataformat-yaml\2.15.3\jackson-dataformat-yaml-2.15.3.jar
[DEBUG]  C:\Users\kAMGA RAMOS\.m2\repository\org\webjars\swagger-ui\5.10.3\swagger-ui-5.10.3.jar
[DEBUG]  C:\Users\kAMGA RAMOS\.m2\repository\org\projectlombok\lombok\1.18.30\lombok-1.18.30.jar
[DEBUG]  C:\Users\kAMGA RAMOS\.m2\repository\org\mapstruct\mapstruct\1.5.5.Final\mapstruct-1.5.5.Final.jar
[DEBUG]  C:\Users\kAMGA RAMOS\.m2\repository\com\github\ben-manes\caffeine\caffeine\3.1.8\caffeine-3.1.8.jar
[DEBUG]  C:\Users\kAMGA RAMOS\.m2\repository\org\checkerframework\checker-qual\3.37.0\checker-qual-3.37.0.jar
[DEBUG]  C:\Users\kAMGA RAMOS\.m2\repository\com\google\errorprone\error_prone_annotations\2.21.1\error_prone_annotations-2.21.1.jar
[DEBUG]  C:\Users\kAMGA RAMOS\.m2\repository\jakarta\xml\bind\jakarta.xml.bind-api\4.0.1\jakarta.xml.bind-api-4.0.1.jar
[DEBUG]  C:\Users\kAMGA RAMOS\.m2\repository\jakarta\activation\jakarta.activation-api\2.1.2\jakarta.activation-api-2.1.2.jar
[DEBUG]  C:\Users\kAMGA RAMOS\.m2\repository\org\springframework\spring-core\6.1.2\spring-core-6.1.2.jar
[DEBUG]  C:\Users\kAMGA RAMOS\.m2\repository\org\springframework\spring-jcl\6.1.2\spring-jcl-6.1.2.jar
[DEBUG]  C:\Users\kAMGA RAMOS\.m2\repository\org\springframework\security\spring-security-core\6.2.1\spring-security-core-6.2.1.jar
[DEBUG]  C:\Users\kAMGA RAMOS\.m2\repository\org\springframework\security\spring-security-crypto\6.2.1\spring-security-crypto-6.2.1.jar
[DEBUG]  C:\Users\kAMGA RAMOS\.m2\repository\org\slf4j\slf4j-api\2.0.9\slf4j-api-2.0.9.jar
[DEBUG] Source roots:
[DEBUG]  C:\Users\kAMGA RAMOS\Desktop\evaluation\src\main\java
[DEBUG]  C:\Users\kAMGA RAMOS\Desktop\evaluation\target\generated-sources\annotations
[DEBUG] Command line options:
[DEBUG] -d C:\Users\kAMGA RAMOS\Desktop\evaluation\target\classes -classpath C:\Users\kAMGA RAMOS\Desktop\evaluation\target\classes;C:\Users\kAMGA RAMOS\.m2\repository\org\springframework\boot\spring-boot-starter-web\3.2.1\spring-boot-starter-web-3.2.1.jar;C:\Users\kAMGA RAMOS\.m2\repository\org\springframework\boot\spring-boot-starter\3.2.1\spring-boot-starter-3.2.1.jar;C:\Users\kAMGA RAMOS\.m2\repository\org\springframework\boot\spring-boot\3.2.1\spring-boot-3.2.1.jar;C:\Users\kAMGA RAMOS\.m2\repository\org\springframework\boot\spring-boot-autoconfigure\3.2.1\spring-boot-autoconfigure-3.2.1.jar;C:\Users\kAMGA RAMOS\.m2\repository\org\springframework\boot\spring-boot-starter-logging\3.2.1\spring-boot-starter-logging-3.2.1.jar;C:\Users\kAMGA RAMOS\.m2\repository\ch\qos\logback\logback-classic\1.4.14\logback-classic-1.4.14.jar;C:\Users\kAMGA RAMOS\.m2\repository\ch\qos\logback\logback-core\1.4.14\logback-core-1.4.14.jar;C:\Users\kAMGA RAMOS\.m2\repository\org\apache\logging\log4j\log4j-to-slf4j\2.21.1\log4j-to-slf4j-2.21.1.jar;C:\Users\kAMGA RAMOS\.m2\repository\org\apache\logging\log4j\log4j-api\2.21.1\log4j-api-2.21.1.jar;C:\Users\kAMGA RAMOS\.m2\repository\org\slf4j\jul-to-slf4j\2.0.9\jul-to-slf4j-2.0.9.jar;C:\Users\kAMGA RAMOS\.m2\repository\jakarta\annotation\jakarta.annotation-api\2.1.1\jakarta.annotation-api-2.1.1.jar;C:\Users\kAMGA RAMOS\.m2\repository\org\yaml\snakeyaml\2.2\snakeyaml-2.2.jar;C:\Users\kAMGA RAMOS\.m2\repository\org\springframework\boot\spring-boot-starter-json\3.2.1\spring-boot-starter-json-3.2.1.jar;C:\Users\kAMGA RAMOS\.m2\repository\com\fasterxml\jackson\datatype\jackson-datatype-jdk8\2.15.3\jackson-datatype-jdk8-2.15.3.jar;C:\Users\kAMGA RAMOS\.m2\repository\com\fasterxml\jackson\datatype\jackson-datatype-jsr310\2.15.3\jackson-datatype-jsr310-2.15.3.jar;C:\Users\kAMGA RAMOS\.m2\repository\com\fasterxml\jackson\module\jackson-module-parameter-names\2.15.3\jackson-module-parameter-names-2.15.3.jar;C:\Users\kAMGA RAMOS\.m2\repository\org\springframework\boot\spring-boot-starter-tomcat\3.2.1\spring-boot-starter-tomcat-3.2.1.jar;C:\Users\kAMGA RAMOS\.m2\repository\org\apache\tomcat\embed\tomcat-embed-core\10.1.17\tomcat-embed-core-10.1.17.jar;C:\Users\kAMGA RAMOS\.m2\repository\org\apache\tomcat\embed\tomcat-embed-websocket\10.1.17\tomcat-embed-websocket-10.1.17.jar;C:\Users\kAMGA RAMOS\.m2\repository\org\springframework\spring-web\6.1.2\spring-web-6.1.2.jar;C:\Users\kAMGA RAMOS\.m2\repository\org\springframework\spring-beans\6.1.2\spring-beans-6.1.2.jar;C:\Users\kAMGA RAMOS\.m2\repository\io\micrometer\micrometer-observation\1.12.1\micrometer-observation-1.12.1.jar;C:\Users\kAMGA RAMOS\.m2\repository\io\micrometer\micrometer-commons\1.12.1\micrometer-commons-1.12.1.jar;C:\Users\kAMGA RAMOS\.m2\repository\org\springframework\spring-webmvc\6.1.2\spring-webmvc-6.1.2.jar;C:\Users\kAMGA RAMOS\.m2\repository\org\springframework\spring-context\6.1.2\spring-context-6.1.2.jar;C:\Users\kAMGA RAMOS\.m2\repository\org\springframework\spring-expression\6.1.2\spring-expression-6.1.2.jar;C:\Users\kAMGA RAMOS\.m2\repository\org\springframework\boot\spring-boot-starter-data-jpa\3.2.1\spring-boot-starter-data-jpa-3.2.1.jar;C:\Users\kAMGA RAMOS\.m2\repository\org\springframework\boot\spring-boot-starter-jdbc\3.2.1\spring-boot-starter-jdbc-3.2.1.jar;C:\Users\kAMGA RAMOS\.m2\repository\com\zaxxer\HikariCP\5.0.1\HikariCP-5.0.1.jar;C:\Users\kAMGA RAMOS\.m2\repository\org\springframework\spring-jdbc\6.1.2\spring-jdbc-6.1.2.jar;C:\Users\kAMGA RAMOS\.m2\repository\org\hibernate\orm\hibernate-core\6.4.1.Final\hibernate-core-6.4.1.Final.jar;C:\Users\kAMGA RAMOS\.m2\repository\jakarta\persistence\jakarta.persistence-api\3.1.0\jakarta.persistence-api-3.1.0.jar;C:\Users\kAMGA RAMOS\.m2\repository\jakarta\transaction\jakarta.transaction-api\2.0.1\jakarta.transaction-api-2.0.1.jar;C:\Users\kAMGA RAMOS\.m2\repository\org\jboss\logging\jboss-logging\3.5.3.Final\jboss-logging-3.5.3.Final.jar;C:\Users\kAMGA RAMOS\.m2\repository\com\fasterxml\classmate\1.6.0\classmate-1.6.0.jar;C:\Users\kAMGA RAMOS\.m2\repository\org\antlr\antlr4-runtime\4.13.0\antlr4-runtime-4.13.0.jar;C:\Users\kAMGA RAMOS\.m2\repository\org\springframework\data\spring-data-jpa\3.2.1\spring-data-jpa-3.2.1.jar;C:\Users\kAMGA RAMOS\.m2\repository\org\springframework\data\spring-data-commons\3.2.1\spring-data-commons-3.2.1.jar;C:\Users\kAMGA RAMOS\.m2\repository\org\springframework\spring-orm\6.1.2\spring-orm-6.1.2.jar;C:\Users\kAMGA RAMOS\.m2\repository\org\springframework\spring-tx\6.1.2\spring-tx-6.1.2.jar;C:\Users\kAMGA RAMOS\.m2\repository\org\springframework\spring-aspects\6.1.2\spring-aspects-6.1.2.jar;C:\Users\kAMGA RAMOS\.m2\repository\org\springframework\boot\spring-boot-starter-security\3.2.1\spring-boot-starter-security-3.2.1.jar;C:\Users\kAMGA RAMOS\.m2\repository\org\springframework\spring-aop\6.1.2\spring-aop-6.1.2.jar;C:\Users\kAMGA RAMOS\.m2\repository\org\springframework\security\spring-security-config\6.2.1\spring-security-config-6.2.1.jar;C:\Users\kAMGA RAMOS\.m2\repository\org\springframework\security\spring-security-web\6.2.1\spring-security-web-6.2.1.jar;C:\Users\kAMGA RAMOS\.m2\repository\org\springframework\boot\spring-boot-starter-validation\3.2.1\spring-boot-starter-validation-3.2.1.jar;C:\Users\kAMGA RAMOS\.m2\repository\org\apache\tomcat\embed\tomcat-embed-el\10.1.17\tomcat-embed-el-10.1.17.jar;C:\Users\kAMGA RAMOS\.m2\repository\org\hibernate\validator\hibernate-validator\8.0.1.Final\hibernate-validator-8.0.1.Final.jar;C:\Users\kAMGA RAMOS\.m2\repository\jakarta\validation\jakarta.validation-api\3.0.2\jakarta.validation-api-3.0.2.jar;C:\Users\kAMGA RAMOS\.m2\repository\org\springframework\boot\spring-boot-starter-cache\3.2.1\spring-boot-starter-cache-3.2.1.jar;C:\Users\kAMGA RAMOS\.m2\repository\org\springframework\spring-context-support\6.1.2\spring-context-support-6.1.2.jar;C:\Users\kAMGA RAMOS\.m2\repository\org\springframework\boot\spring-boot-starter-aop\3.2.1\spring-boot-starter-aop-3.2.1.jar;C:\Users\kAMGA RAMOS\.m2\repository\org\aspectj\aspectjweaver\1.9.21\aspectjweaver-1.9.21.jar;C:\Users\kAMGA RAMOS\.m2\repository\io\jsonwebtoken\jjwt-api\0.12.3\jjwt-api-0.12.3.jar;C:\Users\kAMGA RAMOS\.m2\repository\com\fasterxml\jackson\core\jackson-databind\2.15.3\jackson-databind-2.15.3.jar;C:\Users\kAMGA RAMOS\.m2\repository\com\fasterxml\jackson\core\jackson-annotations\2.15.3\jackson-annotations-2.15.3.jar;C:\Users\kAMGA RAMOS\.m2\repository\com\fasterxml\jackson\core\jackson-core\2.15.3\jackson-core-2.15.3.jar;C:\Users\kAMGA RAMOS\.m2\repository\org\springdoc\springdoc-openapi-starter-webmvc-ui\2.3.0\springdoc-openapi-starter-webmvc-ui-2.3.0.jar;C:\Users\kAMGA RAMOS\.m2\repository\org\springdoc\springdoc-openapi-starter-webmvc-api\2.3.0\springdoc-openapi-starter-webmvc-api-2.3.0.jar;C:\Users\kAMGA RAMOS\.m2\repository\org\springdoc\springdoc-openapi-starter-common\2.3.0\springdoc-openapi-starter-common-2.3.0.jar;C:\Users\kAMGA RAMOS\.m2\repository\io\swagger\core\v3\swagger-core-jakarta\2.2.19\swagger-core-jakarta-2.2.19.jar;C:\Users\kAMGA RAMOS\.m2\repository\org\apache\commons\commons-lang3\3.13.0\commons-lang3-3.13.0.jar;C:\Users\kAMGA RAMOS\.m2\repository\io\swagger\core\v3\swagger-annotations-jakarta\2.2.19\swagger-annotations-jakarta-2.2.19.jar;C:\Users\kAMGA RAMOS\.m2\repository\io\swagger\core\v3\swagger-models-jakarta\2.2.19\swagger-models-jakarta-2.2.19.jar;C:\Users\kAMGA RAMOS\.m2\repository\com\fasterxml\jackson\dataformat\jackson-dataformat-yaml\2.15.3\jackson-dataformat-yaml-2.15.3.jar;C:\Users\kAMGA RAMOS\.m2\repository\org\webjars\swagger-ui\5.10.3\swagger-ui-5.10.3.jar;C:\Users\kAMGA RAMOS\.m2\repository\org\projectlombok\lombok\1.18.30\lombok-1.18.30.jar;C:\Users\kAMGA RAMOS\.m2\repository\org\mapstruct\mapstruct\1.5.5.Final\mapstruct-1.5.5.Final.jar;C:\Users\kAMGA RAMOS\.m2\repository\com\github\ben-manes\caffeine\caffeine\3.1.8\caffeine-3.1.8.jar;C:\Users\kAMGA RAMOS\.m2\repository\org\checkerframework\checker-qual\3.37.0\checker-qual-3.37.0.jar;C:\Users\kAMGA RAMOS\.m2\repository\com\google\errorprone\error_prone_annotations\2.21.1\error_prone_annotations-2.21.1.jar;C:\Users\kAMGA RAMOS\.m2\repository\jakarta\xml\bind\jakarta.xml.bind-api\4.0.1\jakarta.xml.bind-api-4.0.1.jar;C:\Users\kAMGA RAMOS\.m2\repository\jakarta\activation\jakarta.activation-api\2.1.2\jakarta.activation-api-2.1.2.jar;C:\Users\kAMGA RAMOS\.m2\repository\org\springframework\spring-core\6.1.2\spring-core-6.1.2.jar;C:\Users\kAMGA RAMOS\.m2\repository\org\springframework\spring-jcl\6.1.2\spring-jcl-6.1.2.jar;C:\Users\kAMGA RAMOS\.m2\repository\org\springframework\security\spring-security-core\6.2.1\spring-security-core-6.2.1.jar;C:\Users\kAMGA RAMOS\.m2\repository\org\springframework\security\spring-security-crypto\6.2.1\spring-security-crypto-6.2.1.jar;C:\Users\kAMGA RAMOS\.m2\repository\org\slf4j\slf4j-api\2.0.9\slf4j-api-2.0.9.jar; -sourcepath C:\Users\kAMGA RAMOS\Desktop\evaluation\src\main\java;C:\Users\kAMGA RAMOS\Desktop\evaluation\target\generated-sources\annotations; -s C:\Users\kAMGA RAMOS\Desktop\evaluation\target\generated-sources\annotations -processorpath C:\Users\kAMGA RAMOS\.m2\repository\org\projectlombok\lombok\1.18.30\lombok-1.18.30.jar;C:\Users\kAMGA RAMOS\.m2\repository\org\projectlombok\lombok-mapstruct-binding\0.2.0\lombok-mapstruct-binding-0.2.0.jar;C:\Users\kAMGA RAMOS\.m2\repository\org\mapstruct\mapstruct-processor\1.5.5.Final\mapstruct-processor-1.5.5.Final.jar; -g -parameters --release 17 -encoding UTF-8
[DEBUG] incrementalBuildHelper#beforeRebuildExecution
[INFO] Compiling 27 source files with javac [debug release 17] to target\classes
./mvnw.cmd : WARNING: A terminally deprecated method in sun.misc.Unsafe has been called
Au caractère Ligne:1 : 47
+ ... A RAMOS/Desktop/evaluation"; ./mvnw.cmd compile -X > compile.log 2>&1
+                                  ~~~~~~~~~~~~~~~~~~~~~~~~~~~~~~~~~~~~~~~~
    + CategoryInfo          : NotSpecified: (WARNING: A term...has been called:String) [], RemoteEx 
   ception
    + FullyQualifiedErrorId : NativeCommandError
 
WARNING: sun.misc.Unsafe::objectFieldOffset has been called by lombok.permit.Permit
WARNING: Please consider reporting this to the maintainers of class lombok.permit.Permit
WARNING: sun.misc.Unsafe::objectFieldOffset will be removed in a future release
[INFO] ------------------------------------------------------------------------
[INFO] BUILD FAILURE
[INFO] ------------------------------------------------------------------------
[INFO] Total time:  13.358 s
[INFO] Finished at: 2026-03-09T09:54:37+01:00
[INFO] ------------------------------------------------------------------------
[ERROR] Failed to execute goal org.apache.maven.plugins:maven-compiler-plugin:3.11.0:compile (default-compile) on project taskmanager: Fatal error compiling: java.lang.ExceptionInInitializerError: com.sun.tools.javac.code.TypeTag :: UNKNOWN -> [Help 1]
org.apache.maven.lifecycle.LifecycleExecutionException: Failed to execute goal org.apache.maven.plugins:maven-compiler-plugin:3.11.0:compile (default-compile) on project taskmanager: Fatal error compiling
    at org.apache.maven.lifecycle.internal.MojoExecutor.doExecute2 (MojoExecutor.java:333)
    at org.apache.maven.lifecycle.internal.MojoExecutor.doExecute (MojoExecutor.java:316)
    at org.apache.maven.lifecycle.internal.MojoExecutor.execute (MojoExecutor.java:212)
    at org.apache.maven.lifecycle.internal.MojoExecutor.execute (MojoExecutor.java:174)
    at org.apache.maven.lifecycle.internal.MojoExecutor.access$000 (MojoExecutor.java:75)
    at org.apache.maven.lifecycle.internal.MojoExecutor$1.run (MojoExecutor.java:162)
    at org.apache.maven.plugin.DefaultMojosExecutionStrategy.execute (DefaultMojosExecutionStrategy.java:39)
    at org.apache.maven.lifecycle.internal.MojoExecutor.execute (MojoExecutor.java:159)
    at org.apache.maven.lifecycle.internal.LifecycleModuleBuilder.buildProject (LifecycleModuleBuilder.java:105)
    at org.apache.maven.lifecycle.internal.LifecycleModuleBuilder.buildProject (LifecycleModuleBuilder.java:73)
    at org.apache.maven.lifecycle.internal.builder.singlethreaded.SingleThreadedBuilder.build (SingleThreadedBuilder.java:53)
    at org.apache.maven.lifecycle.internal.LifecycleStarter.execute (LifecycleStarter.java:118)
    at org.apache.maven.DefaultMaven.doExecute (DefaultMaven.java:261)
    at org.apache.maven.DefaultMaven.doExecute (DefaultMaven.java:173)
    at org.apache.maven.DefaultMaven.execute (DefaultMaven.java:101)
    at org.apache.maven.cli.MavenCli.execute (MavenCli.java:919)
    at org.apache.maven.cli.MavenCli.doMain (MavenCli.java:285)
    at org.apache.maven.cli.MavenCli.main (MavenCli.java:207)
    at jdk.internal.reflect.DirectMethodHandleAccessor.invoke (DirectMethodHandleAccessor.java:104)
    at java.lang.reflect.Method.invoke (Method.java:565)
    at org.codehaus.plexus.classworlds.launcher.Launcher.launchEnhanced (Launcher.java:255)
    at org.codehaus.plexus.classworlds.launcher.Launcher.launch (Launcher.java:201)
    at org.codehaus.plexus.classworlds.launcher.Launcher.mainWithExitCode (Launcher.java:361)
    at org.codehaus.plexus.classworlds.launcher.Launcher.main (Launcher.java:314)
Caused by: org.apache.maven.plugin.MojoExecutionException: Fatal error compiling
    at org.apache.maven.plugin.compiler.AbstractCompilerMojo.execute (AbstractCompilerMojo.java:1143)
    at org.apache.maven.plugin.compiler.CompilerMojo.execute (CompilerMojo.java:193)
    at org.apache.maven.plugin.DefaultBuildPluginManager.executeMojo (DefaultBuildPluginManager.java:126)
    at org.apache.maven.lifecycle.internal.MojoExecutor.doExecute2 (MojoExecutor.java:328)
    at org.apache.maven.lifecycle.internal.MojoExecutor.doExecute (MojoExecutor.java:316)
    at org.apache.maven.lifecycle.internal.MojoExecutor.execute (MojoExecutor.java:212)
    at org.apache.maven.lifecycle.internal.MojoExecutor.execute (MojoExecutor.java:174)
    at org.apache.maven.lifecycle.internal.MojoExecutor.access$000 (MojoExecutor.java:75)
    at org.apache.maven.lifecycle.internal.MojoExecutor$1.run (MojoExecutor.java:162)
    at org.apache.maven.plugin.DefaultMojosExecutionStrategy.execute (DefaultMojosExecutionStrategy.java:39)
    at org.apache.maven.lifecycle.internal.MojoExecutor.execute (MojoExecutor.java:159)
    at org.apache.maven.lifecycle.internal.LifecycleModuleBuilder.buildProject (LifecycleModuleBuilder.java:105)
    at org.apache.maven.lifecycle.internal.LifecycleModuleBuilder.buildProject (LifecycleModuleBuilder.java:73)
    at org.apache.maven.lifecycle.internal.builder.singlethreaded.SingleThreadedBuilder.build (SingleThreadedBuilder.java:53)
    at org.apache.maven.lifecycle.internal.LifecycleStarter.execute (LifecycleStarter.java:118)
    at org.apache.maven.DefaultMaven.doExecute (DefaultMaven.java:261)
    at org.apache.maven.DefaultMaven.doExecute (DefaultMaven.java:173)
    at org.apache.maven.DefaultMaven.execute (DefaultMaven.java:101)
    at org.apache.maven.cli.MavenCli.execute (MavenCli.java:919)
    at org.apache.maven.cli.MavenCli.doMain (MavenCli.java:285)
    at org.apache.maven.cli.MavenCli.main (MavenCli.java:207)
    at jdk.internal.reflect.DirectMethodHandleAccessor.invoke (DirectMethodHandleAccessor.java:104)
    at java.lang.reflect.Method.invoke (Method.java:565)
    at org.codehaus.plexus.classworlds.launcher.Launcher.launchEnhanced (Launcher.java:255)
    at org.codehaus.plexus.classworlds.launcher.Launcher.launch (Launcher.java:201)
    at org.codehaus.plexus.classworlds.launcher.Launcher.mainWithExitCode (Launcher.java:361)
    at org.codehaus.plexus.classworlds.launcher.Launcher.main (Launcher.java:314)
Caused by: org.codehaus.plexus.compiler.CompilerException: java.lang.ExceptionInInitializerError
    at org.codehaus.plexus.compiler.javac.JavaxToolsCompiler.compileInProcess (JavaxToolsCompiler.java:198)
    at org.codehaus.plexus.compiler.javac.JavacCompiler.performCompile (JavacCompiler.java:183)
    at org.apache.maven.plugin.compiler.AbstractCompilerMojo.execute (AbstractCompilerMojo.java:1140)
    at org.apache.maven.plugin.compiler.CompilerMojo.execute (CompilerMojo.java:193)
    at org.apache.maven.plugin.DefaultBuildPluginManager.executeMojo (DefaultBuildPluginManager.java:126)
    at org.apache.maven.lifecycle.internal.MojoExecutor.doExecute2 (MojoExecutor.java:328)
    at org.apache.maven.lifecycle.internal.MojoExecutor.doExecute (MojoExecutor.java:316)
    at org.apache.maven.lifecycle.internal.MojoExecutor.execute (MojoExecutor.java:212)
    at org.apache.maven.lifecycle.internal.MojoExecutor.execute (MojoExecutor.java:174)
    at org.apache.maven.lifecycle.internal.MojoExecutor.access$000 (MojoExecutor.java:75)
    at org.apache.maven.lifecycle.internal.MojoExecutor$1.run (MojoExecutor.java:162)
    at org.apache.maven.plugin.DefaultMojosExecutionStrategy.execute (DefaultMojosExecutionStrategy.java:39)
    at org.apache.maven.lifecycle.internal.MojoExecutor.execute (MojoExecutor.java:159)
    at org.apache.maven.lifecycle.internal.LifecycleModuleBuilder.buildProject (LifecycleModuleBuilder.java:105)
    at org.apache.maven.lifecycle.internal.LifecycleModuleBuilder.buildProject (LifecycleModuleBuilder.java:73)
    at org.apache.maven.lifecycle.internal.builder.singlethreaded.SingleThreadedBuilder.build (SingleThreadedBuilder.java:53)
    at org.apache.maven.lifecycle.internal.LifecycleStarter.execute (LifecycleStarter.java:118)
    at org.apache.maven.DefaultMaven.doExecute (DefaultMaven.java:261)
    at org.apache.maven.DefaultMaven.doExecute (DefaultMaven.java:173)
    at org.apache.maven.DefaultMaven.execute (DefaultMaven.java:101)
    at org.apache.maven.cli.MavenCli.execute (MavenCli.java:919)
    at org.apache.maven.cli.MavenCli.doMain (MavenCli.java:285)
    at org.apache.maven.cli.MavenCli.main (MavenCli.java:207)
    at jdk.internal.reflect.DirectMethodHandleAccessor.invoke (DirectMethodHandleAccessor.java:104)
    at java.lang.reflect.Method.invoke (Method.java:565)
    at org.codehaus.plexus.classworlds.launcher.Launcher.launchEnhanced (Launcher.java:255)
    at org.codehaus.plexus.classworlds.launcher.Launcher.launch (Launcher.java:201)
    at org.codehaus.plexus.classworlds.launcher.Launcher.mainWithExitCode (Launcher.java:361)
    at org.codehaus.plexus.classworlds.launcher.Launcher.main (Launcher.java:314)
Caused by: java.lang.RuntimeException: java.lang.ExceptionInInitializerError
    at com.sun.tools.javac.api.JavacTaskImpl.invocationHelper (JavacTaskImpl.java:168)
    at com.sun.tools.javac.api.JavacTaskImpl.doCall (JavacTaskImpl.java:100)
    at com.sun.tools.javac.api.JavacTaskImpl.call (JavacTaskImpl.java:94)
    at org.codehaus.plexus.compiler.javac.JavaxToolsCompiler.compileInProcess (JavaxToolsCompiler.java:136)
    at org.codehaus.plexus.compiler.javac.JavacCompiler.performCompile (JavacCompiler.java:183)
    at org.apache.maven.plugin.compiler.AbstractCompilerMojo.execute (AbstractCompilerMojo.java:1140)
    at org.apache.maven.plugin.compiler.CompilerMojo.execute (CompilerMojo.java:193)
    at org.apache.maven.plugin.DefaultBuildPluginManager.executeMojo (DefaultBuildPluginManager.java:126)
    at org.apache.maven.lifecycle.internal.MojoExecutor.doExecute2 (MojoExecutor.java:328)
    at org.apache.maven.lifecycle.internal.MojoExecutor.doExecute (MojoExecutor.java:316)
    at org.apache.maven.lifecycle.internal.MojoExecutor.execute (MojoExecutor.java:212)
    at org.apache.maven.lifecycle.internal.MojoExecutor.execute (MojoExecutor.java:174)
    at org.apache.maven.lifecycle.internal.MojoExecutor.access$000 (MojoExecutor.java:75)
    at org.apache.maven.lifecycle.internal.MojoExecutor$1.run (MojoExecutor.java:162)
    at org.apache.maven.plugin.DefaultMojosExecutionStrategy.execute (DefaultMojosExecutionStrategy.java:39)
    at org.apache.maven.lifecycle.internal.MojoExecutor.execute (MojoExecutor.java:159)
    at org.apache.maven.lifecycle.internal.LifecycleModuleBuilder.buildProject (LifecycleModuleBuilder.java:105)
    at org.apache.maven.lifecycle.internal.LifecycleModuleBuilder.buildProject (LifecycleModuleBuilder.java:73)
    at org.apache.maven.lifecycle.internal.builder.singlethreaded.SingleThreadedBuilder.build (SingleThreadedBuilder.java:53)
    at org.apache.maven.lifecycle.internal.LifecycleStarter.execute (LifecycleStarter.java:118)
    at org.apache.maven.DefaultMaven.doExecute (DefaultMaven.java:261)
    at org.apache.maven.DefaultMaven.doExecute (DefaultMaven.java:173)
    at org.apache.maven.DefaultMaven.execute (DefaultMaven.java:101)
    at org.apache.maven.cli.MavenCli.execute (MavenCli.java:919)
    at org.apache.maven.cli.MavenCli.doMain (MavenCli.java:285)
    at org.apache.maven.cli.MavenCli.main (MavenCli.java:207)
    at jdk.internal.reflect.DirectMethodHandleAccessor.invoke (DirectMethodHandleAccessor.java:104)
    at java.lang.reflect.Method.invoke (Method.java:565)
    at org.codehaus.plexus.classworlds.launcher.Launcher.launchEnhanced (Launcher.java:255)
    at org.codehaus.plexus.classworlds.launcher.Launcher.launch (Launcher.java:201)
    at org.codehaus.plexus.classworlds.launcher.Launcher.mainWithExitCode (Launcher.java:361)
    at org.codehaus.plexus.classworlds.launcher.Launcher.main (Launcher.java:314)
Caused by: java.lang.ExceptionInInitializerError
    at lombok.javac.apt.LombokProcessor.placePostCompileAndDontMakeForceRoundDummiesHook (LombokProcessor.java:174)
    at lombok.javac.apt.LombokProcessor.init (LombokProcessor.java:96)
    at lombok.core.AnnotationProcessor$JavacDescriptor.want (AnnotationProcessor.java:160)
    at lombok.core.AnnotationProcessor.init (AnnotationProcessor.java:213)
    at lombok.launch.AnnotationProcessorHider$AnnotationProcessor.init (AnnotationProcessor.java:64)
    at com.sun.tools.javac.processing.JavacProcessingEnvironment$ProcessorState.<init> (JavacProcessingEnvironment.java:635)
    at com.sun.tools.javac.processing.JavacProcessingEnvironment$DiscoveredProcessors$ProcessorStateIterator.next (JavacProcessingEnvironment.java:761)
    at com.sun.tools.javac.processing.JavacProcessingEnvironment.discoverAndRunProcs (JavacProcessingEnvironment.java:857)
    at com.sun.tools.javac.processing.JavacProcessingEnvironment$Round.run (JavacProcessingEnvironment.java:1188)
    at com.sun.tools.javac.processing.JavacProcessingEnvironment.doProcessing (JavacProcessingEnvironment.java:1301)
    at com.sun.tools.javac.main.JavaCompiler.processAnnotations (JavaCompiler.java:1262)
    at com.sun.tools.javac.main.JavaCompiler.compile (JavaCompiler.java:938)
    at com.sun.tools.javac.api.JavacTaskImpl.lambda$doCall$0 (JavacTaskImpl.java:104)
    at com.sun.tools.javac.api.JavacTaskImpl.invocationHelper (JavacTaskImpl.java:152)
    at com.sun.tools.javac.api.JavacTaskImpl.doCall (JavacTaskImpl.java:100)
    at com.sun.tools.javac.api.JavacTaskImpl.call (JavacTaskImpl.java:94)
    at org.codehaus.plexus.compiler.javac.JavaxToolsCompiler.compileInProcess (JavaxToolsCompiler.java:136)
    at org.codehaus.plexus.compiler.javac.JavacCompiler.performCompile (JavacCompiler.java:183)
    at org.apache.maven.plugin.compiler.AbstractCompilerMojo.execute (AbstractCompilerMojo.java:1140)
    at org.apache.maven.plugin.compiler.CompilerMojo.execute (CompilerMojo.java:193)
    at org.apache.maven.plugin.DefaultBuildPluginManager.executeMojo (DefaultBuildPluginManager.java:126)
    at org.apache.maven.lifecycle.internal.MojoExecutor.doExecute2 (MojoExecutor.java:328)
    at org.apache.maven.lifecycle.internal.MojoExecutor.doExecute (MojoExecutor.java:316)
    at org.apache.maven.lifecycle.internal.MojoExecutor.execute (MojoExecutor.java:212)
    at org.apache.maven.lifecycle.internal.MojoExecutor.execute (MojoExecutor.java:174)
    at org.apache.maven.lifecycle.internal.MojoExecutor.access$000 (MojoExecutor.java:75)
    at org.apache.maven.lifecycle.internal.MojoExecutor$1.run (MojoExecutor.java:162)
    at org.apache.maven.plugin.DefaultMojosExecutionStrategy.execute (DefaultMojosExecutionStrategy.java:39)
    at org.apache.maven.lifecycle.internal.MojoExecutor.execute (MojoExecutor.java:159)
    at org.apache.maven.lifecycle.internal.LifecycleModuleBuilder.buildProject (LifecycleModuleBuilder.java:105)
    at org.apache.maven.lifecycle.internal.LifecycleModuleBuilder.buildProject (LifecycleModuleBuilder.java:73)
    at org.apache.maven.lifecycle.internal.builder.singlethreaded.SingleThreadedBuilder.build (SingleThreadedBuilder.java:53)
    at org.apache.maven.lifecycle.internal.LifecycleStarter.execute (LifecycleStarter.java:118)
    at org.apache.maven.DefaultMaven.doExecute (DefaultMaven.java:261)
    at org.apache.maven.DefaultMaven.doExecute (DefaultMaven.java:173)
    at org.apache.maven.DefaultMaven.execute (DefaultMaven.java:101)
    at org.apache.maven.cli.MavenCli.execute (MavenCli.java:919)
    at org.apache.maven.cli.MavenCli.doMain (MavenCli.java:285)
    at org.apache.maven.cli.MavenCli.main (MavenCli.java:207)
    at jdk.internal.reflect.DirectMethodHandleAccessor.invoke (DirectMethodHandleAccessor.java:104)
    at java.lang.reflect.Method.invoke (Method.java:565)
    at org.codehaus.plexus.classworlds.launcher.Launcher.launchEnhanced (Launcher.java:255)
    at org.codehaus.plexus.classworlds.launcher.Launcher.launch (Launcher.java:201)
    at org.codehaus.plexus.classworlds.launcher.Launcher.mainWithExitCode (Launcher.java:361)
    at org.codehaus.plexus.classworlds.launcher.Launcher.main (Launcher.java:314)
Caused by: java.lang.NoSuchFieldException: com.sun.tools.javac.code.TypeTag :: UNKNOWN
    at lombok.permit.Permit.getField (Permit.java:144)
    at lombok.javac.JavacTreeMaker$SchroedingerType.getFieldCached (JavacTreeMaker.java:171)
    at lombok.javac.JavacTreeMaker$TypeTag.typeTag (JavacTreeMaker.java:259)
    at lombok.javac.Javac.<clinit> (Javac.java:186)
    at lombok.javac.apt.LombokProcessor.placePostCompileAndDontMakeForceRoundDummiesHook (LombokProcessor.java:174)
    at lombok.javac.apt.LombokProcessor.init (LombokProcessor.java:96)
    at lombok.core.AnnotationProcessor$JavacDescriptor.want (AnnotationProcessor.java:160)
    at lombok.core.AnnotationProcessor.init (AnnotationProcessor.java:213)
    at lombok.launch.AnnotationProcessorHider$AnnotationProcessor.init (AnnotationProcessor.java:64)
    at com.sun.tools.javac.processing.JavacProcessingEnvironment$ProcessorState.<init> (JavacProcessingEnvironment.java:635)
    at com.sun.tools.javac.processing.JavacProcessingEnvironment$DiscoveredProcessors$ProcessorStateIterator.next (JavacProcessingEnvironment.java:761)
    at com.sun.tools.javac.processing.JavacProcessingEnvironment.discoverAndRunProcs (JavacProcessingEnvironment.java:857)
    at com.sun.tools.javac.processing.JavacProcessingEnvironment$Round.run (JavacProcessingEnvironment.java:1188)
    at com.sun.tools.javac.processing.JavacProcessingEnvironment.doProcessing (JavacProcessingEnvironment.java:1301)
    at com.sun.tools.javac.main.JavaCompiler.processAnnotations (JavaCompiler.java:1262)
    at com.sun.tools.javac.main.JavaCompiler.compile (JavaCompiler.java:938)
    at com.sun.tools.javac.api.JavacTaskImpl.lambda$doCall$0 (JavacTaskImpl.java:104)
    at com.sun.tools.javac.api.JavacTaskImpl.invocationHelper (JavacTaskImpl.java:152)
    at com.sun.tools.javac.api.JavacTaskImpl.doCall (JavacTaskImpl.java:100)
    at com.sun.tools.javac.api.JavacTaskImpl.call (JavacTaskImpl.java:94)
    at org.codehaus.plexus.compiler.javac.JavaxToolsCompiler.compileInProcess (JavaxToolsCompiler.java:136)
    at org.codehaus.plexus.compiler.javac.JavacCompiler.performCompile (JavacCompiler.java:183)
    at org.apache.maven.plugin.compiler.AbstractCompilerMojo.execute (AbstractCompilerMojo.java:1140)
    at org.apache.maven.plugin.compiler.CompilerMojo.execute (CompilerMojo.java:193)
    at org.apache.maven.plugin.DefaultBuildPluginManager.executeMojo (DefaultBuildPluginManager.java:126)
    at org.apache.maven.lifecycle.internal.MojoExecutor.doExecute2 (MojoExecutor.java:328)
    at org.apache.maven.lifecycle.internal.MojoExecutor.doExecute (MojoExecutor.java:316)
    at org.apache.maven.lifecycle.internal.MojoExecutor.execute (MojoExecutor.java:212)
    at org.apache.maven.lifecycle.internal.MojoExecutor.execute (MojoExecutor.java:174)
    at org.apache.maven.lifecycle.internal.MojoExecutor.access$000 (MojoExecutor.java:75)
    at org.apache.maven.lifecycle.internal.MojoExecutor$1.run (MojoExecutor.java:162)
    at org.apache.maven.plugin.DefaultMojosExecutionStrategy.execute (DefaultMojosExecutionStrategy.java:39)
    at org.apache.maven.lifecycle.internal.MojoExecutor.execute (MojoExecutor.java:159)
    at org.apache.maven.lifecycle.internal.LifecycleModuleBuilder.buildProject (LifecycleModuleBuilder.java:105)
    at org.apache.maven.lifecycle.internal.LifecycleModuleBuilder.buildProject (LifecycleModuleBuilder.java:73)
    at org.apache.maven.lifecycle.internal.builder.singlethreaded.SingleThreadedBuilder.build (SingleThreadedBuilder.java:53)
    at org.apache.maven.lifecycle.internal.LifecycleStarter.execute (LifecycleStarter.java:118)
    at org.apache.maven.DefaultMaven.doExecute (DefaultMaven.java:261)
    at org.apache.maven.DefaultMaven.doExecute (DefaultMaven.java:173)
    at org.apache.maven.DefaultMaven.execute (DefaultMaven.java:101)
    at org.apache.maven.cli.MavenCli.execute (MavenCli.java:919)
    at org.apache.maven.cli.MavenCli.doMain (MavenCli.java:285)
    at org.apache.maven.cli.MavenCli.main (MavenCli.java:207)
    at jdk.internal.reflect.DirectMethodHandleAccessor.invoke (DirectMethodHandleAccessor.java:104)
    at java.lang.reflect.Method.invoke (Method.java:565)
    at org.codehaus.plexus.classworlds.launcher.Launcher.launchEnhanced (Launcher.java:255)
    at org.codehaus.plexus.classworlds.launcher.Launcher.launch (Launcher.java:201)
    at org.codehaus.plexus.classworlds.launcher.Launcher.mainWithExitCode (Launcher.java:361)
    at org.codehaus.plexus.classworlds.launcher.Launcher.main (Launcher.java:314)
[ERROR] 
[ERROR] 
[ERROR] For more information about the errors and possible solutions, please read the following articles:
[ERROR] [Help 1] http://cwiki.apache.org/confluence/display/MAVEN/MojoExecutionException
[DEBUG] Shutting down adapter factory; available factories [file-lock, rwlock-local, semaphore-local, noop]; available name mappers [discriminating, file-gaecv, file-gav, file-hgaecv, file-hgav, file-static, gaecv, gav, static]
[DEBUG] Shutting down 'file-lock' factory
[DEBUG] Shutting down 'rwlock-local' factory
[DEBUG] Shutting down 'semaphore-local' factory
[DEBUG] Shutting down 'noop' factory
